Fixed edges: ['E01'] -> 47 fixed vertices
Mesh    : 1237 verts, 2330 faces, 47 supports, 1190 free (fitted)
Target  : crown 0.2693 m, span 1.2000 m  (rest == target)
Regions : 4, faces [727, 449, 298, 856]; knit per face, region means [114.9, 122.2, 65.5, 46.2] deg — FIXED
Cables  : ['C00', 'C01', 'C02', 'E00', 'E02', 'E03']  EA 157000
Material: E1 5000  E2 12507  nu 0.198   pressure 1000 Pa
Log     : optimisation/pattern_smooth_rm_fixSW_p3_calls.jsonl
  [    4] FEM INVALID: solver line_search_failed
  [    1] FEM INVALID: solver line_search_failed
  [    5] FEM INVALID: min interior z -0.0147 — folded
  [   13] FEM INVALID: solver line_search_failed
  gen   1  calls    16  best   57.084 mm  gen best   57.084  invalid 4/16  sigma 0.950
  [   19] FEM INVALID: solver line_search_failed
  [   27] FEM INVALID: solver line_search_failed
  [   17] FEM INVALID: solver line_search_failed
  [   23] FEM INVALID: solver line_search_failed
  [   18] FEM INVALID: min interior z -0.0182 — folded
  [   30] FEM INVALID: solver line_search_failed
  gen   2  calls    32  best   54.082 mm  gen best   54.082  invalid 6/16  sigma 0.942
  [   41] FEM INVALID: min interior z -0.0144 — folded
  [   40] FEM INVALID: timeout
  gen   3  calls    48  best   53.042 mm  gen best   53.042  invalid 2/16  sigma 1.012
  [   61] FEM INVALID: solver line_search_failed
  [   53] FEM INVALID: solver line_search_failed
  gen   4  calls    64  best   51.536 mm  gen best   51.536  invalid 2/16  sigma 1.117
  [   65] FEM INVALID: solver line_search_failed
  [   71] FEM INVALID: min interior z -0.0186 — folded
  [   77] FEM INVALID: solver line_search_failed
  [   69] FEM INVALID: min interior z -0.0157 — folded
  [   78] FEM INVALID: solver line_search_failed
  gen   5  calls    80  best   50.397 mm  gen best   50.397  invalid 5/16  sigma 1.218
  [   94] FEM INVALID: solver line_search_failed
  [   81] FEM INVALID: solver line_search_failed
  [   86] FEM INVALID: solver line_search_failed
  [   84] FEM INVALID: solver line_search_failed
  gen   6  calls    96  best   46.134 mm  gen best   46.134  invalid 4/16  sigma 1.350
  [  102] FEM INVALID: solver line_search_failed
  [  104] FEM INVALID: solver line_search_failed
  [   97] FEM INVALID: solver line_search_failed
  [  106] FEM INVALID: solver line_search_failed
  [  100] FEM INVALID: solver line_search_failed
  gen   7  calls   112  best   46.134 mm  gen best   46.502  invalid 5/16  sigma 1.391
  [  124] FEM INVALID: solver line_search_failed
  [  122] FEM INVALID: solver line_search_failed
  [  125] FEM INVALID: solver line_search_failed
  [  117] FEM INVALID: solver line_search_failed
  gen   8  calls   128  best   45.654 mm  gen best   45.654  invalid 4/16  sigma 1.544
  [  137] FEM INVALID: min interior z -0.0182 — folded
  [  134] FEM INVALID: solver line_search_failed
  [  142] FEM INVALID: solver line_search_failed
  [  138] FEM INVALID: solver line_search_failed
  [  132] FEM INVALID: solver line_search_failed
  [  140] FEM INVALID: solver line_search_failed
  gen   9  calls   144  best   44.765 mm  gen best   44.765  invalid 6/16  sigma 1.641
  [  156] FEM INVALID: solver line_search_failed
  [  148] FEM INVALID: solver line_search_failed
  [  155] FEM INVALID: solver line_search_failed
  [  153] FEM INVALID: solver line_search_failed
  gen  10  calls   160  best   42.682 mm  gen best   42.682  invalid 4/16  sigma 1.814
  [  162] FEM INVALID: solver line_search_failed
  [  176] FEM INVALID: solver line_search_failed
  [  171] FEM INVALID: min interior z -0.0143 — folded
  [  169] FEM INVALID: solver line_search_failed
  [  168] FEM INVALID: solver line_search_failed
  [  175] FEM INVALID: solver line_search_failed
  [  174] FEM INVALID: solver line_search_failed
  gen  11  calls   176  best   42.682 mm  gen best   42.967  invalid 7/16  sigma 1.942
  [  190] FEM INVALID: solver line_search_failed
  [  186] FEM INVALID: solver line_search_failed
  [  185] FEM INVALID: solver line_search_failed
  [  182] FEM INVALID: solver line_search_failed
  [  192] FEM INVALID: solver line_search_failed
  [  189] FEM INVALID: solver line_search_failed
  [  188] FEM INVALID: timeout
  gen  12  calls   192  best   42.682 mm  gen best   43.293  invalid 7/16  sigma 1.976
  [  195] FEM INVALID: solver line_search_failed
  [  201] FEM INVALID: solver line_search_failed
  [  199] FEM INVALID: solver line_search_failed
  [  203] FEM INVALID: solver line_search_failed
  [  198] FEM INVALID: solver line_search_failed
  gen  13  calls   208  best   41.878 mm  gen best   41.878  invalid 5/16  sigma 2.118
  [  219] FEM INVALID: solver line_search_failed
  [  218] FEM INVALID: solver line_search_failed
  [  220] FEM INVALID: solver line_search_failed
  [  217] FEM INVALID: solver line_search_failed
  [  223] FEM INVALID: solver line_search_failed
  gen  14  calls   224  best   41.878 mm  gen best   42.771  invalid 5/16  sigma 2.207
  [  225] FEM INVALID: solver line_search_failed
  [  232] FEM INVALID: solver line_search_failed
  [  233] FEM INVALID: solver line_search_failed
  [  228] FEM INVALID: solver line_search_failed
  [  235] FEM INVALID: min interior z -0.0173 — folded
  [  226] FEM INVALID: solver line_search_failed
  gen  15  calls   240  best   41.878 mm  gen best   41.991  invalid 6/16  sigma 2.180
  [  248] FEM INVALID: solver line_search_failed
  [  247] FEM INVALID: solver line_search_failed
  [  250] FEM INVALID: solver line_search_failed
  [  243] FEM INVALID: solver line_search_failed
  [  253] FEM INVALID: solver line_search_failed
  [  242] FEM INVALID: solver line_search_failed
  [  255] FEM INVALID: solver line_search_failed
  gen  16  calls   256  best   41.878 mm  gen best   42.405  invalid 7/16  sigma 2.212
  [  265] FEM INVALID: solver line_search_failed
  [  264] FEM INVALID: solver line_search_failed
  [  266] FEM INVALID: solver line_search_failed
  [  267] FEM INVALID: solver line_search_failed
  [  268] FEM INVALID: solver line_search_failed
  [  258] FEM INVALID: solver line_search_failed
  [  263] FEM INVALID: solver line_search_failed
  [  262] FEM INVALID: solver line_search_failed
  gen  17  calls   272  best   41.878 mm  gen best   42.746  invalid 8/16  sigma 2.134
  [  273] FEM INVALID: solver line_search_failed
  [  283] FEM INVALID: solver line_search_failed
  [  286] FEM INVALID: solver line_search_failed
  [  285] FEM INVALID: solver line_search_failed
  [  288] FEM INVALID: solver line_search_failed
  [  287] FEM INVALID: solver line_search_failed
  [  274] FEM INVALID: solver line_search_failed
  gen  18  calls   288  best   41.878 mm  gen best   42.629  invalid 7/16  sigma 2.057
  [  294] FEM INVALID: solver line_search_failed
  [  300] FEM INVALID: solver line_search_failed
  [  301] FEM INVALID: solver line_search_failed
  [  293] FEM INVALID: solver line_search_failed
  gen  19  calls   304  best   41.878 mm  gen best   41.918  invalid 4/16  sigma 1.990
  [  308] FEM INVALID: solver line_search_failed
  [  314] FEM INVALID: solver line_search_failed
  [  318] FEM INVALID: solver line_search_failed
  [  313] FEM INVALID: min interior z -0.0156 — folded
  [  316] FEM INVALID: solver line_search_failed
  [  315] FEM INVALID: timeout
  gen  20  calls   320  best   41.878 mm  gen best   41.885  invalid 6/16  sigma 1.892
  [  324] FEM INVALID: solver line_search_failed
  [  329] FEM INVALID: solver line_search_failed
  [  326] FEM INVALID: solver line_search_failed
  [  327] FEM INVALID: solver line_search_failed
  [  336] FEM INVALID: timeout
  gen  21  calls   336  best   41.878 mm  gen best   42.114  invalid 5/16  sigma 1.730
  [  347] FEM INVALID: solver line_search_failed
  [  350] FEM INVALID: solver line_search_failed
  [  349] FEM INVALID: timeout
  gen  22  calls   352  best   41.638 mm  gen best   41.638  invalid 3/16  sigma 1.558
  [  366] FEM INVALID: solver line_search_failed
  [  363] FEM INVALID: solver line_search_failed
  gen  23  calls   368  best   41.582 mm  gen best   41.582  invalid 2/16  sigma 1.442
  [  369] FEM INVALID: solver line_search_failed
  [  384] FEM INVALID: solver line_search_failed
  [  381] FEM INVALID: solver line_search_failed
  [  375] FEM INVALID: solver line_search_failed
  [  378] FEM INVALID: solver line_search_failed
  [  372] FEM INVALID: solver line_search_failed
  gen  24  calls   384  best   41.582 mm  gen best   41.873  invalid 6/16  sigma 1.377
  [  395] FEM INVALID: solver line_search_failed
  [  390] FEM INVALID: solver line_search_failed
  gen  25  calls   400  best   41.365 mm  gen best   41.365  invalid 2/16  sigma 1.365
  [  408] FEM INVALID: solver line_search_failed
  [  413] FEM INVALID: solver line_search_failed
  gen  26  calls   416  best   41.365 mm  gen best   41.396  invalid 2/16  sigma 1.357
  [  425] FEM INVALID: solver line_search_failed
  [  423] FEM INVALID: solver line_search_failed
  [  420] FEM INVALID: solver line_search_failed
  [  428] FEM INVALID: solver line_search_failed
  [  417] FEM INVALID: solver line_search_failed
  [  418] FEM INVALID: solver line_search_failed
  [  422] FEM INVALID: solver line_search_failed
  [  431] FEM INVALID: solver line_search_failed
  gen  27  calls   432  best   41.365 mm  gen best   41.638  invalid 8/16  sigma 1.327
  [  443] FEM INVALID: solver line_search_failed
  [  434] FEM INVALID: solver line_search_failed
  [  447] FEM INVALID: solver line_search_failed
  [  442] FEM INVALID: solver line_search_failed
  [  441] FEM INVALID: solver line_search_failed
  [  448] FEM INVALID: solver line_search_failed
  gen  28  calls   448  best   41.328 mm  gen best   41.328  invalid 6/16  sigma 1.200
  [  456] FEM INVALID: solver line_search_failed
  [  455] FEM INVALID: solver line_search_failed
  [  460] FEM INVALID: solver line_search_failed
  gen  29  calls   464  best   41.231 mm  gen best   41.231  invalid 3/16  sigma 1.152
  [  469] FEM INVALID: solver line_search_failed
  [  475] FEM INVALID: solver line_search_failed
  [  471] FEM INVALID: solver line_search_failed
  gen  30  calls   480  best   41.231 mm  gen best   41.351  invalid 3/16  sigma 1.212
  [  486] FEM INVALID: solver line_search_failed
  [  484] FEM INVALID: solver line_search_failed
  gen  31  calls   496  best   41.133 mm  gen best   41.133  invalid 2/16  sigma 1.148
  [  509] FEM INVALID: solver line_search_failed
  [  505] FEM INVALID: solver line_search_failed
  [  512] FEM INVALID: solver line_search_failed
  [  508] FEM INVALID: solver line_search_failed
  gen  32  calls   512  best   41.133 mm  gen best   41.226  invalid 4/16  sigma 1.136
  [  527] FEM INVALID: solver line_search_failed
  [  519] FEM INVALID: solver line_search_failed
  [  515] FEM INVALID: solver line_search_failed
  [  524] FEM INVALID: solver line_search_failed
  [  516] FEM INVALID: solver line_search_failed
  [  517] FEM INVALID: solver line_search_failed
  [  526] FEM INVALID: solver line_search_failed
  [  518] FEM INVALID: solver line_search_failed
  [  523] FEM INVALID: solver line_search_failed
  gen  33  calls   528  best   41.133 mm  gen best   41.342  invalid 9/16  sigma 1.124
  [  532] FEM INVALID: solver line_search_failed
  [  539] FEM INVALID: solver line_search_failed
  [  537] FEM INVALID: solver line_search_failed
  [  538] FEM INVALID: solver line_search_failed
  gen  34  calls   544  best   41.133 mm  gen best   41.190  invalid 4/16  sigma 1.146
  [  552] FEM INVALID: solver line_search_failed
  [  545] FEM INVALID: solver line_search_failed
  gen  35  calls   560  best   41.133 mm  gen best   41.344  invalid 2/16  sigma 1.154
  [  575] FEM INVALID: solver line_search_failed
  [  573] FEM INVALID: solver line_search_failed
  [  566] FEM INVALID: solver line_search_failed
  [  567] FEM INVALID: solver line_search_failed
  [  562] FEM INVALID: solver line_search_failed
  [  571] FEM INVALID: solver line_search_failed
  [  572] FEM INVALID: solver line_search_failed
  gen  36  calls   576  best   41.082 mm  gen best   41.082  invalid 7/16  sigma 1.150
  [  587] FEM INVALID: solver line_search_failed
  [  586] FEM INVALID: solver line_search_failed
  gen  37  calls   592  best   40.957 mm  gen best   40.957  invalid 2/16  sigma 1.131
  [  606] FEM INVALID: solver line_search_failed
  [  608] FEM INVALID: solver line_search_failed
  [  605] FEM INVALID: solver line_search_failed
  [  604] FEM INVALID: solver line_search_failed
  [  598] FEM INVALID: solver line_search_failed
  [  596] FEM INVALID: solver line_search_failed
  gen  38  calls   608  best   40.957 mm  gen best   40.989  invalid 6/16  sigma 1.048
  [  624] FEM INVALID: solver line_search_failed
  [  610] FEM INVALID: solver line_search_failed
  [  621] FEM INVALID: solver line_search_failed
  [  609] FEM INVALID: solver line_search_failed
  [  620] FEM INVALID: solver line_search_failed
  [  622] FEM INVALID: timeout
  gen  39  calls   624  best   40.957 mm  gen best   40.966  invalid 6/16  sigma 1.086
  [  632] FEM INVALID: solver line_search_failed
  [  637] FEM INVALID: solver line_search_failed
  [  640] FEM INVALID: solver line_search_failed
  [  639] FEM INVALID: solver line_search_failed
  gen  40  calls   640  best   40.957 mm  gen best   41.049  invalid 4/16  sigma 1.063
  [  656] FEM INVALID: solver line_search_failed
  [  641] FEM INVALID: solver line_search_failed
  [  654] FEM INVALID: solver line_search_failed
  [  646] FEM INVALID: solver line_search_failed
  gen  41  calls   656  best   40.736 mm  gen best   40.736  invalid 4/16  sigma 1.057
  [  665] FEM INVALID: solver line_search_failed
  [  666] FEM INVALID: solver line_search_failed
  [  664] FEM INVALID: solver line_search_failed
  [  661] FEM INVALID: solver line_search_failed
  [  657] FEM INVALID: solver line_search_failed
  [  670] FEM INVALID: solver line_search_failed
  [  660] FEM INVALID: solver line_search_failed
  gen  42  calls   672  best   40.736 mm  gen best   40.790  invalid 7/16  sigma 1.003
  [  681] FEM INVALID: solver line_search_failed
  [  688] FEM INVALID: solver line_search_failed
  [  676] FEM INVALID: solver line_search_failed
  [  677] FEM INVALID: solver line_search_failed
  [  687] FEM INVALID: solver line_search_failed
  [  680] FEM INVALID: solver line_search_failed
  gen  43  calls   688  best   40.736 mm  gen best   40.891  invalid 6/16  sigma 0.878
  [  703] FEM INVALID: solver line_search_failed
  [  697] FEM INVALID: solver line_search_failed
  [  691] FEM INVALID: solver line_search_failed
  gen  44  calls   704  best   40.674 mm  gen best   40.674  invalid 3/16  sigma 0.797
  [  706] FEM INVALID: solver line_search_failed
  [  710] FEM INVALID: solver line_search_failed
  [  707] FEM INVALID: solver line_search_failed
  [  705] FEM INVALID: solver line_search_failed
  [  713] FEM INVALID: timeout
  gen  45  calls   720  best   40.674 mm  gen best   40.725  invalid 5/16  sigma 0.746
  [  727] FEM INVALID: solver line_search_failed
  [  728] FEM INVALID: solver line_search_failed
  [  725] FEM INVALID: solver line_search_failed
  [  721] FEM INVALID: solver line_search_failed
  [  733] FEM INVALID: solver line_search_failed
  gen  46  calls   736  best   40.674 mm  gen best   40.725  invalid 5/16  sigma 0.740
  [  737] FEM INVALID: solver line_search_failed
  [  741] FEM INVALID: solver line_search_failed
  gen  47  calls   752  best   40.674 mm  gen best   40.772  invalid 2/16  sigma 0.685
  [  753] FEM INVALID: solver line_search_failed
  gen  48  calls   768  best   40.674 mm  gen best   40.714  invalid 1/16  sigma 0.642
  [  784] FEM INVALID: solver line_search_failed
  gen  49  calls   784  best   40.646 mm  gen best   40.646  invalid 1/16  sigma 0.615
  [  786] FEM INVALID: solver line_search_failed
  [  800] FEM INVALID: solver line_search_failed
  [  791] FEM INVALID: solver line_search_failed
  [  789] FEM INVALID: solver line_search_failed
  gen  50  calls   800  best   40.643 mm  gen best   40.643  invalid 4/16  sigma 0.624
  [  804] FEM INVALID: solver line_search_failed
  [  805] FEM INVALID: solver line_search_failed
  [  816] FEM INVALID: solver line_search_failed
  [  810] FEM INVALID: solver line_search_failed
  [  807] FEM INVALID: solver line_search_failed
  [  802] FEM INVALID: timeout
  gen  51  calls   816  best   40.574 mm  gen best   40.574  invalid 6/16  sigma 0.643
  [  818] FEM INVALID: solver line_search_failed
  [  827] FEM INVALID: solver line_search_failed
  [  824] FEM INVALID: solver line_search_failed
  [  819] FEM INVALID: solver line_search_failed
  [  825] FEM INVALID: solver line_search_failed
  gen  52  calls   832  best   40.574 mm  gen best   40.613  invalid 5/16  sigma 0.612
  [  835] FEM INVALID: solver line_search_failed
  [  845] FEM INVALID: solver line_search_failed
  [  838] FEM INVALID: solver line_search_failed
  [  844] FEM INVALID: solver line_search_failed
  [  842] FEM INVALID: solver line_search_failed
  gen  53  calls   848  best   40.574 mm  gen best   40.622  invalid 5/16  sigma 0.600
  [  856] FEM INVALID: solver line_search_failed
  [  849] FEM INVALID: solver line_search_failed
  gen  54  calls   864  best   40.520 mm  gen best   40.520  invalid 2/16  sigma 0.606
  [  869] FEM INVALID: solver line_search_failed
  [  879] FEM INVALID: solver line_search_failed
  [  878] FEM INVALID: solver line_search_failed
  gen  55  calls   880  best   40.507 mm  gen best   40.507  invalid 3/16  sigma 0.603
  [  893] FEM INVALID: solver line_search_failed
  [  882] FEM INVALID: solver line_search_failed
  [  884] FEM INVALID: solver line_search_failed
  [  881] FEM INVALID: solver line_search_failed
  [  890] FEM INVALID: solver line_search_failed
  [  889] FEM INVALID: solver line_search_failed
  [  885] FEM INVALID: solver line_search_failed
  [  887] FEM INVALID: timeout
  gen  56  calls   896  best   40.507 mm  gen best   40.530  invalid 8/16  sigma 0.603
  [  912] FEM INVALID: solver line_search_failed
  [  904] FEM INVALID: solver line_search_failed
  [  911] FEM INVALID: solver line_search_failed
  [  899] FEM INVALID: solver line_search_failed
  [  910] FEM INVALID: solver line_search_failed
  [  907] FEM INVALID: solver line_search_failed
  [  900] FEM INVALID: solver line_search_failed
  gen  57  calls   912  best   40.507 mm  gen best   40.544  invalid 7/16  sigma 0.588
  [  916] FEM INVALID: solver line_search_failed
  [  927] FEM INVALID: solver line_search_failed
  [  914] FEM INVALID: solver line_search_failed
  [  917] FEM INVALID: solver line_search_failed
  gen  58  calls   928  best   40.507 mm  gen best   40.583  invalid 4/16  sigma 0.571
  [  937] FEM INVALID: solver line_search_failed
  [  936] FEM INVALID: solver line_search_failed
  [  944] FEM INVALID: solver line_search_failed
  [  940] FEM INVALID: solver line_search_failed
  [  934] FEM INVALID: solver line_search_failed
  gen  59  calls   944  best   40.507 mm  gen best   40.530  invalid 5/16  sigma 0.544
  [  956] FEM INVALID: solver line_search_failed
  [  960] FEM INVALID: solver line_search_failed
  gen  60  calls   960  best   40.479 mm  gen best   40.479  invalid 2/16  sigma 0.542
  [  968] FEM INVALID: solver line_search_failed
  [  970] FEM INVALID: solver line_search_failed
  [  961] FEM INVALID: solver line_search_failed
  [  967] FEM INVALID: solver line_search_failed
  [  969] FEM INVALID: solver line_search_failed
  [  975] FEM INVALID: solver line_search_failed
  [  976] FEM INVALID: solver line_search_failed
  gen  61  calls   976  best   40.479 mm  gen best   40.489  invalid 7/16  sigma 0.518
  [  991] FEM INVALID: solver line_search_failed
  [  985] FEM INVALID: solver line_search_failed
  [  980] FEM INVALID: solver line_search_failed
  [  986] FEM INVALID: solver line_search_failed
  gen  62  calls   992  best   40.466 mm  gen best   40.466  invalid 4/16  sigma 0.476
  [ 1003] FEM INVALID: solver line_search_failed
  [ 1008] FEM INVALID: solver line_search_failed
  [  997] FEM INVALID: solver line_search_failed
  [ 1004] FEM INVALID: solver line_search_failed
  gen  63  calls  1008  best   40.438 mm  gen best   40.438  invalid 4/16  sigma 0.435
  [ 1009] FEM INVALID: solver line_search_failed
  [ 1021] FEM INVALID: solver line_search_failed
  [ 1022] FEM INVALID: solver line_search_failed
  [ 1023] FEM INVALID: solver line_search_failed
  [ 1024] FEM INVALID: solver line_search_failed
  [ 1014] FEM INVALID: solver line_search_failed
  [ 1019] FEM INVALID: solver line_search_failed
  [ 1015] FEM INVALID: solver line_search_failed
  [ 1011] FEM INVALID: solver line_search_failed
  [ 1012] FEM INVALID: solver line_search_failed
  [ 1010] FEM INVALID: solver line_search_failed
  gen  64  calls  1024  best   40.438 mm  gen best   40.480  invalid 11/16  sigma 0.401
  [ 1029] FEM INVALID: solver line_search_failed
  [ 1037] FEM INVALID: solver line_search_failed
  [ 1027] FEM INVALID: solver line_search_failed
  [ 1033] FEM INVALID: solver line_search_failed
  [ 1038] FEM INVALID: solver line_search_failed
  [ 1034] FEM INVALID: solver line_search_failed
  [ 1028] FEM INVALID: solver line_search_failed
  [ 1039] FEM INVALID: solver line_search_failed
  [ 1035] FEM INVALID: solver line_search_failed
  gen  65  calls  1040  best   40.438 mm  gen best   40.466  invalid 9/16  sigma 0.374
  [ 1054] FEM INVALID: solver line_search_failed
  [ 1045] FEM INVALID: solver line_search_failed
  [ 1042] FEM INVALID: solver line_search_failed
  [ 1049] FEM INVALID: timeout
  gen  66  calls  1056  best   40.438 mm  gen best   40.463  invalid 4/16  sigma 0.363
  [ 1065] FEM INVALID: solver line_search_failed
  [ 1070] FEM INVALID: solver line_search_failed
  [ 1060] FEM INVALID: solver line_search_failed
  [ 1071] FEM INVALID: solver line_search_failed
  gen  67  calls  1072  best   40.434 mm  gen best   40.434  invalid 4/16  sigma 0.375
  [ 1082] FEM INVALID: solver line_search_failed
  [ 1086] FEM INVALID: solver line_search_failed
  [ 1074] FEM INVALID: solver line_search_failed
  [ 1088] FEM INVALID: solver line_search_failed
  [ 1073] FEM INVALID: solver line_search_failed
  [ 1079] FEM INVALID: solver line_search_failed
  [ 1083] FEM INVALID: solver line_search_failed
  [ 1084] FEM INVALID: solver line_search_failed
  [ 1080] FEM INVALID: solver line_search_failed
  [ 1081] FEM INVALID: solver line_search_failed
  [ 1077] FEM INVALID: solver line_search_failed
  gen  68  calls  1088  best   40.434 mm  gen best   40.452  invalid 11/16  sigma 0.362
  [ 1101] FEM INVALID: solver line_search_failed
  [ 1097] FEM INVALID: solver line_search_failed
  [ 1099] FEM INVALID: solver line_search_failed
  gen  69  calls  1104  best   40.434 mm  gen best   40.450  invalid 3/16  sigma 0.346
  [ 1107] FEM INVALID: solver line_search_failed
  [ 1112] FEM INVALID: solver line_search_failed
  [ 1111] FEM INVALID: solver line_search_failed
  [ 1119] FEM INVALID: solver line_search_failed
  [ 1114] FEM INVALID: solver line_search_failed
  [ 1106] FEM INVALID: solver line_search_failed
  [ 1105] FEM INVALID: solver line_search_failed
  gen  70  calls  1120  best   40.434 mm  gen best   40.446  invalid 7/16  sigma 0.330
  [ 1136] FEM INVALID: solver line_search_failed
  [ 1134] FEM INVALID: solver line_search_failed
  [ 1126] FEM INVALID: solver line_search_failed
  [ 1125] FEM INVALID: solver line_search_failed
  [ 1130] FEM INVALID: solver line_search_failed
  gen  71  calls  1136  best   40.434 mm  gen best   40.450  invalid 5/16  sigma 0.306
  [ 1137] FEM INVALID: solver line_search_failed
  [ 1139] FEM INVALID: solver line_search_failed
  [ 1142] FEM INVALID: solver line_search_failed
  [ 1141] FEM INVALID: solver line_search_failed
  [ 1140] FEM INVALID: solver line_search_failed
  gen  72  calls  1152  best   40.420 mm  gen best   40.420  invalid 5/16  sigma 0.287
  [ 1162] FEM INVALID: solver line_search_failed
  [ 1153] FEM INVALID: solver line_search_failed
  [ 1161] FEM INVALID: solver line_search_failed
  [ 1168] FEM INVALID: solver line_search_failed
  [ 1157] FEM INVALID: solver line_search_failed
  gen  73  calls  1168  best   40.420 mm  gen best   40.427  invalid 5/16  sigma 0.261
  [ 1181] FEM INVALID: solver line_search_failed
  [ 1174] FEM INVALID: solver line_search_failed
  [ 1176] FEM INVALID: solver line_search_failed
  [ 1180] FEM INVALID: solver line_search_failed
  gen  74  calls  1184  best   40.420 mm  gen best   40.423  invalid 4/16  sigma 0.252
  [ 1189] FEM INVALID: solver line_search_failed
  [ 1190] FEM INVALID: solver line_search_failed
  [ 1186] FEM INVALID: solver line_search_failed
  [ 1192] FEM INVALID: solver line_search_failed
  [ 1193] FEM INVALID: solver line_search_failed
  [ 1197] FEM INVALID: solver line_search_failed
  [ 1198] FEM INVALID: solver line_search_failed
  [ 1200] FEM INVALID: solver line_search_failed
  [ 1188] FEM INVALID: solver line_search_failed
  gen  75  calls  1200  best   40.397 mm  gen best   40.397  invalid 9/16  sigma 0.246
  [ 1214] FEM INVALID: solver line_search_failed
  [ 1207] FEM INVALID: solver line_search_failed
  [ 1201] FEM INVALID: solver line_search_failed
  [ 1213] FEM INVALID: solver line_search_failed
  [ 1202] FEM INVALID: solver line_search_failed
  [ 1203] FEM INVALID: solver line_search_failed
  [ 1209] FEM INVALID: solver line_search_failed
  [ 1210] FEM INVALID: solver line_search_failed
  [ 1212] FEM INVALID: solver line_search_failed
  gen  76  calls  1216  best   40.397 mm  gen best   40.410  invalid 9/16  sigma 0.229
  [ 1223] FEM INVALID: solver line_search_failed
  [ 1220] FEM INVALID: solver line_search_failed
  [ 1225] FEM INVALID: solver line_search_failed
  [ 1217] FEM INVALID: solver line_search_failed
  [ 1221] FEM INVALID: solver line_search_failed
  [ 1231] FEM INVALID: solver line_search_failed
  [ 1218] FEM INVALID: solver line_search_failed
  gen  77  calls  1232  best   40.397 mm  gen best   40.414  invalid 7/16  sigma 0.233
  [ 1238] FEM INVALID: solver line_search_failed
  [ 1242] FEM INVALID: solver line_search_failed
  [ 1239] FEM INVALID: solver line_search_failed
  [ 1236] FEM INVALID: solver line_search_failed
  [ 1241] FEM INVALID: solver line_search_failed
  [ 1240] FEM INVALID: solver line_search_failed
  [ 1235] FEM INVALID: solver line_search_failed
  [ 1245] FEM INVALID: solver line_search_failed
  [ 1248] FEM INVALID: solver line_search_failed
  [ 1244] FEM INVALID: solver line_search_failed
  [ 1243] FEM INVALID: solver line_search_failed
  gen  78  calls  1248  best   40.397 mm  gen best   40.398  invalid 11/16  sigma 0.238
  [ 1261] FEM INVALID: solver line_search_failed
  [ 1254] FEM INVALID: solver line_search_failed
  [ 1255] FEM INVALID: solver line_search_failed
  [ 1260] FEM INVALID: solver line_search_failed
  [ 1258] FEM INVALID: solver line_search_failed
  [ 1259] FEM INVALID: solver line_search_failed
  [ 1253] FEM INVALID: solver line_search_failed
  [ 1252] FEM INVALID: solver line_search_failed
  [ 1250] FEM INVALID: solver line_search_failed
  gen  79  calls  1264  best   40.397 mm  gen best   40.413  invalid 9/16  sigma 0.232
  [ 1271] FEM INVALID: solver line_search_failed
  [ 1277] FEM INVALID: solver line_search_failed
  [ 1268] FEM INVALID: solver line_search_failed
  [ 1279] FEM INVALID: solver line_search_failed
  [ 1265] FEM INVALID: solver line_search_failed
  [ 1273] FEM INVALID: solver line_search_failed
  gen  80  calls  1280  best   40.397 mm  gen best   40.405  invalid 6/16  sigma 0.227
  [ 1282] FEM INVALID: solver line_search_failed
  [ 1289] FEM INVALID: solver line_search_failed
  [ 1296] FEM INVALID: solver line_search_failed
  [ 1284] FEM INVALID: solver line_search_failed
  [ 1288] FEM INVALID: solver line_search_failed
  gen  81  calls  1296  best   40.397 mm  gen best   40.400  invalid 5/16  sigma 0.217
  [ 1302] FEM INVALID: solver line_search_failed
  [ 1297] FEM INVALID: solver line_search_failed
  [ 1303] FEM INVALID: solver line_search_failed
  [ 1298] FEM INVALID: solver line_search_failed
  [ 1306] FEM INVALID: solver line_search_failed
  [ 1299] FEM INVALID: solver line_search_failed
  [ 1310] FEM INVALID: solver line_search_failed
  [ 1309] FEM INVALID: solver line_search_failed
  [ 1304] FEM INVALID: solver line_search_failed
  [ 1300] FEM INVALID: solver line_search_failed
  [ 1305] FEM INVALID: solver line_search_failed
  [ 1308] FEM INVALID: solver line_search_failed
  [ 1307] FEM INVALID: solver line_search_failed
  gen  82  calls  1312  best   40.397 mm  gen best   40.399  invalid 13/16  sigma 0.209
  [ 1318] FEM INVALID: solver line_search_failed
  [ 1327] FEM INVALID: solver line_search_failed
  [ 1325] FEM INVALID: solver line_search_failed
  [ 1326] FEM INVALID: solver line_search_failed
  [ 1322] FEM INVALID: solver line_search_failed
  [ 1320] FEM INVALID: solver line_search_failed
  [ 1316] FEM INVALID: solver line_search_failed
  [ 1328] FEM INVALID: solver line_search_failed
  [ 1313] FEM INVALID: solver line_search_failed
  [ 1319] FEM INVALID: solver line_search_failed
  gen  83  calls  1328  best   40.397 mm  gen best   40.410  invalid 10/16  sigma 0.206
  [ 1338] FEM INVALID: solver line_search_failed
  [ 1344] FEM INVALID: solver line_search_failed
  [ 1332] FEM INVALID: solver line_search_failed
  [ 1329] FEM INVALID: solver line_search_failed
  [ 1340] FEM INVALID: solver line_search_failed
  [ 1333] FEM INVALID: solver line_search_failed
  [ 1343] FEM INVALID: solver line_search_failed
  [ 1342] FEM INVALID: solver line_search_failed
  gen  84  calls  1344  best   40.397 mm  gen best   40.406  invalid 8/16  sigma 0.214
  [ 1357] FEM INVALID: solver line_search_failed
  [ 1349] FEM INVALID: solver line_search_failed
  [ 1350] FEM INVALID: solver line_search_failed
  [ 1359] FEM INVALID: solver line_search_failed
  [ 1351] FEM INVALID: solver line_search_failed
  [ 1360] FEM INVALID: solver line_search_failed
  [ 1355] FEM INVALID: solver line_search_failed
  gen  85  calls  1360  best   40.397 mm  gen best   40.413  invalid 7/16  sigma 0.221
  [ 1366] FEM INVALID: solver line_search_failed
  [ 1371] FEM INVALID: solver line_search_failed
  [ 1363] FEM INVALID: solver line_search_failed
  [ 1373] FEM INVALID: solver line_search_failed
  [ 1361] FEM INVALID: solver line_search_failed
  [ 1368] FEM INVALID: solver line_search_failed
  [ 1374] FEM INVALID: solver line_search_failed
  [ 1364] FEM INVALID: solver line_search_failed
  [ 1370] FEM INVALID: solver line_search_failed
  gen  86  calls  1376  best   40.397 mm  gen best   40.399  invalid 9/16  sigma 0.229
  [ 1379] FEM INVALID: solver line_search_failed
  [ 1389] FEM INVALID: solver line_search_failed
  [ 1388] FEM INVALID: solver line_search_failed
  [ 1381] FEM INVALID: solver line_search_failed
  [ 1387] FEM INVALID: solver line_search_failed
  [ 1385] FEM INVALID: solver line_search_failed
  [ 1382] FEM INVALID: solver line_search_failed
  [ 1377] FEM INVALID: timeout
  gen  87  calls  1392  best   40.397 mm  gen best   40.400  invalid 8/16  sigma 0.228
  [ 1402] FEM INVALID: solver line_search_failed
  [ 1408] FEM INVALID: solver line_search_failed
  [ 1403] FEM INVALID: solver line_search_failed
  [ 1395] FEM INVALID: solver line_search_failed
  [ 1405] FEM INVALID: solver line_search_failed
  [ 1396] FEM INVALID: solver line_search_failed
  [ 1400] FEM INVALID: solver line_search_failed
  [ 1404] FEM INVALID: solver line_search_failed
  [ 1394] FEM INVALID: timeout
  gen  88  calls  1408  best   40.390 mm  gen best   40.390  invalid 9/16  sigma 0.231
  [ 1416] FEM INVALID: solver line_search_failed
  [ 1414] FEM INVALID: solver line_search_failed
  [ 1410] FEM INVALID: solver line_search_failed
  [ 1411] FEM INVALID: solver line_search_failed
  [ 1422] FEM INVALID: solver line_search_failed
  [ 1415] FEM INVALID: solver line_search_failed
  [ 1417] FEM INVALID: solver line_search_failed
  gen  89  calls  1424  best   40.390 mm  gen best   40.392  invalid 7/16  sigma 0.231
  [ 1438] FEM INVALID: solver line_search_failed
  [ 1433] FEM INVALID: solver line_search_failed
  [ 1435] FEM INVALID: solver line_search_failed
  [ 1429] FEM INVALID: solver line_search_failed
  [ 1425] FEM INVALID: solver line_search_failed
  gen  90  calls  1440  best   40.389 mm  gen best   40.389  invalid 5/16  sigma 0.230
  [ 1449] FEM INVALID: solver line_search_failed
  [ 1451] FEM INVALID: solver line_search_failed
  [ 1444] FEM INVALID: solver line_search_failed
  [ 1445] FEM INVALID: solver line_search_failed
  [ 1453] FEM INVALID: solver line_search_failed
  [ 1456] FEM INVALID: solver line_search_failed
  [ 1446] FEM INVALID: solver line_search_failed
  gen  91  calls  1456  best   40.379 mm  gen best   40.379  invalid 7/16  sigma 0.231
  [ 1461] FEM INVALID: solver line_search_failed
  [ 1464] FEM INVALID: solver line_search_failed
  [ 1459] FEM INVALID: solver line_search_failed
  [ 1469] FEM INVALID: solver line_search_failed
  [ 1463] FEM INVALID: solver line_search_failed
  [ 1467] FEM INVALID: solver line_search_failed
  [ 1466] FEM INVALID: solver line_search_failed
  gen  92  calls  1472  best   40.374 mm  gen best   40.374  invalid 7/16  sigma 0.231
  [ 1475] FEM INVALID: solver line_search_failed
  [ 1476] FEM INVALID: solver line_search_failed
  [ 1482] FEM INVALID: solver line_search_failed
  [ 1486] FEM INVALID: solver line_search_failed
  [ 1478] FEM INVALID: solver line_search_failed
  [ 1477] FEM INVALID: solver line_search_failed
  [ 1479] FEM INVALID: solver line_search_failed
  [ 1473] FEM INVALID: solver line_search_failed
  [ 1487] FEM INVALID: solver line_search_failed
  gen  93  calls  1488  best   40.366 mm  gen best   40.366  invalid 9/16  sigma 0.230
  [ 1491] FEM INVALID: solver line_search_failed
  [ 1489] FEM INVALID: solver line_search_failed
  [ 1495] FEM INVALID: solver line_search_failed
  [ 1497] FEM INVALID: solver line_search_failed
  [ 1493] FEM INVALID: solver line_search_failed
  [ 1494] FEM INVALID: solver line_search_failed
  [ 1496] FEM INVALID: solver line_search_failed
  [ 1492] FEM INVALID: solver line_search_failed
  gen  94  calls  1504  best   40.366 mm  gen best   40.371  invalid 8/16  sigma 0.225
  [ 1520] FEM INVALID: solver line_search_failed
  [ 1505] FEM INVALID: solver line_search_failed
  [ 1507] FEM INVALID: solver line_search_failed
  [ 1508] FEM INVALID: solver line_search_failed
  [ 1519] FEM INVALID: solver line_search_failed
  [ 1510] FEM INVALID: solver line_search_failed
  [ 1506] FEM INVALID: solver line_search_failed
  [ 1516] FEM INVALID: solver line_search_failed
  [ 1513] FEM INVALID: solver line_search_failed
  [ 1512] FEM INVALID: solver line_search_failed
  [ 1517] FEM INVALID: solver line_search_failed
  [ 1515] FEM INVALID: solver line_search_failed
  [ 1518] FEM INVALID: solver line_search_failed
  gen  95  calls  1520  best   40.366 mm  gen best   40.384  invalid 13/16  sigma 0.229
  [ 1526] FEM INVALID: solver line_search_failed
  [ 1521] FEM INVALID: solver line_search_failed
  [ 1524] FEM INVALID: solver line_search_failed
  [ 1522] FEM INVALID: solver line_search_failed
  [ 1536] FEM INVALID: solver line_search_failed
  [ 1532] FEM INVALID: solver line_search_failed
  [ 1528] FEM INVALID: solver line_search_failed
  [ 1534] FEM INVALID: solver line_search_failed
  gen  96  calls  1536  best   40.366 mm  gen best   40.366  invalid 8/16  sigma 0.227
  [ 1538] FEM INVALID: solver line_search_failed
  [ 1541] FEM INVALID: solver line_search_failed
  [ 1552] FEM INVALID: solver line_search_failed
  [ 1545] FEM INVALID: solver line_search_failed
  [ 1547] FEM INVALID: solver line_search_failed
  [ 1543] FEM INVALID: solver line_search_failed
  [ 1540] FEM INVALID: solver line_search_failed
  [ 1537] FEM INVALID: solver line_search_failed
  [ 1548] FEM INVALID: solver line_search_failed
  gen  97  calls  1552  best   40.366 mm  gen best   40.371  invalid 9/16  sigma 0.218
  [ 1561] FEM INVALID: solver line_search_failed
  [ 1567] FEM INVALID: solver line_search_failed
  [ 1563] FEM INVALID: solver line_search_failed
  [ 1564] FEM INVALID: solver line_search_failed
  [ 1560] FEM INVALID: solver line_search_failed
  [ 1565] FEM INVALID: solver line_search_failed
  [ 1555] FEM INVALID: solver line_search_failed
  [ 1558] FEM INVALID: solver line_search_failed
  [ 1557] FEM INVALID: solver line_search_failed
  [ 1568] FEM INVALID: solver line_search_failed
  gen  98  calls  1568  best   40.366 mm  gen best   40.375  invalid 10/16  sigma 0.217
  [ 1583] FEM INVALID: solver line_search_failed
  [ 1574] FEM INVALID: solver line_search_failed
  [ 1576] FEM INVALID: solver line_search_failed
  [ 1575] FEM INVALID: solver line_search_failed
  [ 1580] FEM INVALID: solver line_search_failed
  [ 1573] FEM INVALID: solver line_search_failed
  [ 1569] FEM INVALID: solver line_search_failed
  [ 1577] FEM INVALID: solver line_search_failed
  gen  99  calls  1584  best   40.366 mm  gen best   40.385  invalid 8/16  sigma 0.217
  [ 1589] FEM INVALID: solver line_search_failed
  [ 1596] FEM INVALID: solver line_search_failed
  [ 1595] FEM INVALID: solver line_search_failed
  [ 1600] FEM INVALID: solver line_search_failed
  gen 100  calls  1600  best   40.359 mm  gen best   40.359  invalid 4/16  sigma 0.209
  [ 1602] FEM INVALID: solver line_search_failed
  [ 1611] FEM INVALID: solver line_search_failed
  [ 1607] FEM INVALID: solver line_search_failed
  [ 1610] FEM INVALID: solver line_search_failed
  [ 1601] FEM INVALID: solver line_search_failed
  [ 1613] FEM INVALID: solver line_search_failed
  [ 1614] FEM INVALID: solver line_search_failed
  [ 1608] FEM INVALID: solver line_search_failed
  [ 1606] FEM INVALID: solver line_search_failed
  [ 1615] FEM INVALID: solver line_search_failed
  gen 101  calls  1616  best   40.359 mm  gen best   40.359  invalid 10/16  sigma 0.200
  [ 1620] FEM INVALID: solver line_search_failed
  [ 1631] FEM INVALID: solver line_search_failed
  [ 1627] FEM INVALID: solver line_search_failed
  [ 1619] FEM INVALID: solver line_search_failed
  [ 1621] FEM INVALID: solver line_search_failed
  [ 1629] FEM INVALID: solver line_search_failed
  [ 1623] FEM INVALID: solver line_search_failed
  [ 1622] FEM INVALID: solver line_search_failed
  [ 1626] FEM INVALID: solver line_search_failed
  [ 1625] FEM INVALID: solver line_search_failed
  [ 1632] FEM INVALID: solver line_search_failed
  [ 1630] FEM INVALID: solver line_search_failed
  [ 1618] FEM INVALID: solver line_search_failed
  [ 1617] FEM INVALID: solver line_search_failed
  gen 102  calls  1632  best   40.359 mm  gen best   40.389  invalid 14/16  sigma 0.181
  [ 1645] FEM INVALID: solver line_search_failed
  [ 1636] FEM INVALID: solver line_search_failed
  [ 1634] FEM INVALID: solver line_search_failed
  [ 1637] FEM INVALID: solver line_search_failed
  [ 1640] FEM INVALID: solver line_search_failed
  [ 1646] FEM INVALID: solver line_search_failed
  [ 1643] FEM INVALID: solver line_search_failed
  [ 1647] FEM INVALID: solver line_search_failed
  gen 103  calls  1648  best   40.359 mm  gen best   40.368  invalid 8/16  sigma 0.176
  [ 1663] FEM INVALID: solver line_search_failed
  [ 1661] FEM INVALID: solver line_search_failed
  [ 1653] FEM INVALID: solver line_search_failed
  [ 1656] FEM INVALID: solver line_search_failed
  [ 1651] FEM INVALID: solver line_search_failed
  [ 1649] FEM INVALID: solver line_search_failed
  [ 1652] FEM INVALID: solver line_search_failed
  [ 1654] FEM INVALID: solver line_search_failed
  [ 1650] FEM INVALID: solver line_search_failed
  [ 1659] FEM INVALID: solver line_search_failed
  [ 1662] FEM INVALID: solver line_search_failed
  [ 1660] FEM INVALID: solver line_search_failed
  [ 1658] FEM INVALID: solver line_search_failed
  gen 104  calls  1664  best   40.351 mm  gen best   40.351  invalid 13/16  sigma 0.167
  [ 1672] FEM INVALID: solver line_search_failed
  [ 1679] FEM INVALID: solver line_search_failed
  [ 1678] FEM INVALID: solver line_search_failed
  [ 1670] FEM INVALID: solver line_search_failed
  [ 1677] FEM INVALID: solver line_search_failed
  [ 1676] FEM INVALID: solver line_search_failed
  [ 1667] FEM INVALID: solver line_search_failed
  [ 1673] FEM INVALID: solver line_search_failed
  [ 1675] FEM INVALID: solver line_search_failed
  gen 105  calls  1680  best   40.351 mm  gen best   40.357  invalid 9/16  sigma 0.159
  [ 1688] FEM INVALID: solver line_search_failed
  [ 1692] FEM INVALID: solver line_search_failed
  [ 1684] FEM INVALID: solver line_search_failed
  [ 1685] FEM INVALID: solver line_search_failed
  [ 1682] FEM INVALID: solver line_search_failed
  [ 1687] FEM INVALID: solver line_search_failed
  [ 1691] FEM INVALID: solver line_search_failed
  [ 1681] FEM INVALID: solver line_search_failed
  [ 1686] FEM INVALID: solver line_search_failed
  gen 106  calls  1696  best   40.347 mm  gen best   40.347  invalid 9/16  sigma 0.151
  [ 1706] FEM INVALID: solver line_search_failed
  [ 1712] FEM INVALID: solver line_search_failed
  [ 1711] FEM INVALID: solver line_search_failed
  [ 1701] FEM INVALID: solver line_search_failed
  [ 1710] FEM INVALID: solver line_search_failed
  [ 1707] FEM INVALID: solver line_search_failed
  [ 1708] FEM INVALID: solver line_search_failed
  [ 1705] FEM INVALID: solver line_search_failed
  [ 1704] FEM INVALID: solver line_search_failed
  [ 1697] FEM INVALID: solver line_search_failed
  [ 1709] FEM INVALID: solver line_search_failed
  [ 1703] FEM INVALID: solver line_search_failed
  gen 107  calls  1712  best   40.347 mm  gen best   40.352  invalid 12/16  sigma 0.144
  [ 1716] FEM INVALID: solver line_search_failed
  [ 1720] FEM INVALID: solver line_search_failed
  [ 1721] FEM INVALID: solver line_search_failed
  [ 1719] FEM INVALID: solver line_search_failed
  [ 1718] FEM INVALID: solver line_search_failed
  [ 1722] FEM INVALID: solver line_search_failed
  [ 1728] FEM INVALID: solver line_search_failed
  [ 1724] FEM INVALID: solver line_search_failed
  [ 1714] FEM INVALID: solver line_search_failed
  [ 1727] FEM INVALID: solver line_search_failed
  [ 1715] FEM INVALID: solver line_search_failed
  [ 1725] FEM INVALID: solver line_search_failed
  [ 1723] FEM INVALID: solver line_search_failed
  gen 108  calls  1728  best   40.347 mm  gen best   40.365  invalid 13/16  sigma 0.151
  [ 1736] FEM INVALID: solver line_search_failed
  [ 1737] FEM INVALID: solver line_search_failed
  [ 1735] FEM INVALID: solver line_search_failed
  [ 1732] FEM INVALID: solver line_search_failed
  [ 1734] FEM INVALID: solver line_search_failed
  [ 1729] FEM INVALID: solver line_search_failed
  [ 1741] FEM INVALID: solver line_search_failed
  [ 1740] FEM INVALID: solver line_search_failed
  [ 1730] FEM INVALID: timeout
  gen 109  calls  1744  best   40.347 mm  gen best   40.351  invalid 9/16  sigma 0.149
  [ 1747] FEM INVALID: solver line_search_failed
  [ 1760] FEM INVALID: solver line_search_failed
  [ 1746] FEM INVALID: solver line_search_failed
  [ 1749] FEM INVALID: solver line_search_failed
  [ 1754] FEM INVALID: solver line_search_failed
  [ 1757] FEM INVALID: solver line_search_failed
  [ 1750] FEM INVALID: solver line_search_failed
  [ 1753] FEM INVALID: solver line_search_failed
  [ 1748] FEM INVALID: solver line_search_failed
  [ 1758] FEM INVALID: solver line_search_failed
  [ 1751] FEM INVALID: solver line_search_failed
  [ 1755] FEM INVALID: solver line_search_failed
  [ 1752] FEM INVALID: solver line_search_failed
  gen 110  calls  1760  best   40.347 mm  gen best   40.349  invalid 13/16  sigma 0.150
  [ 1771] FEM INVALID: solver line_search_failed
  [ 1769] FEM INVALID: solver line_search_failed
  [ 1768] FEM INVALID: solver line_search_failed
  [ 1763] FEM INVALID: solver line_search_failed
  [ 1776] FEM INVALID: solver line_search_failed
  [ 1766] FEM INVALID: solver line_search_failed
  [ 1770] FEM INVALID: solver line_search_failed
  [ 1773] FEM INVALID: solver line_search_failed
  [ 1765] FEM INVALID: solver line_search_failed
  [ 1764] FEM INVALID: solver line_search_failed
  [ 1767] FEM INVALID: solver line_search_failed
  [ 1762] FEM INVALID: solver line_search_failed
  gen 111  calls  1776  best   40.347 mm  gen best   40.360  invalid 12/16  sigma 0.154
  [ 1788] FEM INVALID: solver line_search_failed
  [ 1785] FEM INVALID: solver line_search_failed
  [ 1784] FEM INVALID: solver line_search_failed
  [ 1789] FEM INVALID: solver line_search_failed
  [ 1782] FEM INVALID: solver line_search_failed
  [ 1779] FEM INVALID: solver line_search_failed
  [ 1790] FEM INVALID: solver line_search_failed
  [ 1781] FEM INVALID: solver line_search_failed
  [ 1786] FEM INVALID: solver line_search_failed
  [ 1787] FEM INVALID: solver line_search_failed
  [ 1783] FEM INVALID: solver line_search_failed
  [ 1780] FEM INVALID: solver line_search_failed
  [ 1778] FEM INVALID: solver line_search_failed
  [ 1777] FEM INVALID: solver line_search_failed
  [ 1792] FEM INVALID: solver line_search_failed
  gen 112  calls  1792  best   40.347 mm  gen best   40.351  invalid 15/16  sigma 0.158
  [ 1799] FEM INVALID: solver line_search_failed
  [ 1804] FEM INVALID: solver line_search_failed
  [ 1798] FEM INVALID: solver line_search_failed
  [ 1801] FEM INVALID: solver line_search_failed
  [ 1797] FEM INVALID: solver line_search_failed
  [ 1794] FEM INVALID: solver line_search_failed
  [ 1808] FEM INVALID: solver line_search_failed
  [ 1803] FEM INVALID: solver line_search_failed
  [ 1795] FEM INVALID: solver line_search_failed
  [ 1807] FEM INVALID: solver line_search_failed
  gen 113  calls  1808  best   40.347 mm  gen best   40.357  invalid 10/16  sigma 0.147
  [ 1813] FEM INVALID: solver line_search_failed
  [ 1818] FEM INVALID: solver line_search_failed
  [ 1815] FEM INVALID: solver line_search_failed
  [ 1809] FEM INVALID: solver line_search_failed
  [ 1810] FEM INVALID: solver line_search_failed
  [ 1812] FEM INVALID: solver line_search_failed
  [ 1811] FEM INVALID: solver line_search_failed
  [ 1822] FEM INVALID: solver line_search_failed
  [ 1821] FEM INVALID: solver line_search_failed
  [ 1823] FEM INVALID: solver line_search_failed
  [ 1814] FEM INVALID: solver line_search_failed
  [ 1819] FEM INVALID: solver line_search_failed
  [ 1820] FEM INVALID: solver line_search_failed
  gen 114  calls  1824  best   40.347 mm  gen best   40.355  invalid 13/16  sigma 0.136
  [ 1832] FEM INVALID: solver line_search_failed
  [ 1838] FEM INVALID: solver line_search_failed
  [ 1829] FEM INVALID: solver line_search_failed
  [ 1833] FEM INVALID: solver line_search_failed
  [ 1835] FEM INVALID: solver line_search_failed
  [ 1825] FEM INVALID: solver line_search_failed
  [ 1839] FEM INVALID: solver line_search_failed
  [ 1827] FEM INVALID: solver line_search_failed
  gen 115  calls  1840  best   40.346 mm  gen best   40.346  invalid 8/16  sigma 0.133
  [ 1851] FEM INVALID: solver line_search_failed
  [ 1856] FEM INVALID: solver line_search_failed
  [ 1849] FEM INVALID: solver line_search_failed
  [ 1848] FEM INVALID: solver line_search_failed
  [ 1855] FEM INVALID: solver line_search_failed
  [ 1850] FEM INVALID: solver line_search_failed
  [ 1852] FEM INVALID: solver line_search_failed
  [ 1853] FEM INVALID: solver line_search_failed
  [ 1841] FEM INVALID: solver line_search_failed
  [ 1842] FEM INVALID: solver line_search_failed
  [ 1844] FEM INVALID: solver line_search_failed
  [ 1843] FEM INVALID: solver line_search_failed
  [ 1854] FEM INVALID: solver line_search_failed
  [ 1847] FEM INVALID: solver line_search_failed
  gen 116  calls  1856  best   40.346 mm  gen best   40.360  invalid 14/16  sigma 0.127
  [ 1860] FEM INVALID: solver line_search_failed
  [ 1857] FEM INVALID: solver line_search_failed
  [ 1863] FEM INVALID: solver line_search_failed
  [ 1867] FEM INVALID: solver line_search_failed
  [ 1866] FEM INVALID: solver line_search_failed
  [ 1862] FEM INVALID: solver line_search_failed
  [ 1868] FEM INVALID: solver line_search_failed
  [ 1869] FEM INVALID: solver line_search_failed
  [ 1861] FEM INVALID: solver line_search_failed
  [ 1859] FEM INVALID: solver line_search_failed
  [ 1864] FEM INVALID: solver line_search_failed
  [ 1858] FEM INVALID: solver line_search_failed
  [ 1865] FEM INVALID: solver line_search_failed
  gen 117  calls  1872  best   40.346 mm  gen best   40.360  invalid 13/16  sigma 0.132
  [ 1887] FEM INVALID: solver line_search_failed
  [ 1875] FEM INVALID: solver line_search_failed
  [ 1882] FEM INVALID: solver line_search_failed
  [ 1888] FEM INVALID: solver line_search_failed
  [ 1885] FEM INVALID: solver line_search_failed
  [ 1877] FEM INVALID: solver line_search_failed
  [ 1884] FEM INVALID: solver line_search_failed
  [ 1874] FEM INVALID: solver line_search_failed
  [ 1878] FEM INVALID: solver line_search_failed
  [ 1881] FEM INVALID: solver line_search_failed
  [ 1883] FEM INVALID: solver line_search_failed
  gen 118  calls  1888  best   40.346 mm  gen best   40.359  invalid 11/16  sigma 0.133
  [ 1899] FEM INVALID: solver line_search_failed
  [ 1890] FEM INVALID: solver line_search_failed
  [ 1897] FEM INVALID: solver line_search_failed
  [ 1891] FEM INVALID: solver line_search_failed
  [ 1902] FEM INVALID: solver line_search_failed
  [ 1893] FEM INVALID: solver line_search_failed
  [ 1895] FEM INVALID: solver line_search_failed
  [ 1904] FEM INVALID: solver line_search_failed
  [ 1894] FEM INVALID: solver line_search_failed
  [ 1903] FEM INVALID: solver line_search_failed
  [ 1889] FEM INVALID: solver line_search_failed
  [ 1900] FEM INVALID: solver line_search_failed
  gen 119  calls  1904  best   40.346 mm  gen best   40.355  invalid 12/16  sigma 0.125
  [ 1919] FEM INVALID: solver line_search_failed
  [ 1920] FEM INVALID: solver line_search_failed
  [ 1905] FEM INVALID: solver line_search_failed
  [ 1906] FEM INVALID: solver line_search_failed
  [ 1917] FEM INVALID: solver line_search_failed
  [ 1908] FEM INVALID: solver line_search_failed
  [ 1915] FEM INVALID: solver line_search_failed
  [ 1918] FEM INVALID: solver line_search_failed
  [ 1914] FEM INVALID: solver line_search_failed
  [ 1910] FEM INVALID: solver line_search_failed
  [ 1907] FEM INVALID: solver line_search_failed
  [ 1913] FEM INVALID: solver line_search_failed
  [ 1912] FEM INVALID: solver line_search_failed
  gen 120  calls  1920  best   40.346 mm  gen best   40.360  invalid 13/16  sigma 0.119
  [ 1933] FEM INVALID: solver line_search_failed
  [ 1931] FEM INVALID: solver line_search_failed
  [ 1921] FEM INVALID: solver line_search_failed
  [ 1930] FEM INVALID: solver line_search_failed
  [ 1925] FEM INVALID: solver line_search_failed
  [ 1927] FEM INVALID: solver line_search_failed
  [ 1922] FEM INVALID: solver line_search_failed
  [ 1934] FEM INVALID: solver line_search_failed
  [ 1923] FEM INVALID: solver line_search_failed
  [ 1926] FEM INVALID: solver line_search_failed
  [ 1924] FEM INVALID: solver line_search_failed
  [ 1928] FEM INVALID: solver line_search_failed
  gen 121  calls  1936  best   40.346 mm  gen best   40.354  invalid 12/16  sigma 0.122
  [ 1943] FEM INVALID: solver line_search_failed
  [ 1947] FEM INVALID: solver line_search_failed
  [ 1952] FEM INVALID: solver line_search_failed
  [ 1938] FEM INVALID: solver line_search_failed
  [ 1948] FEM INVALID: solver line_search_failed
  [ 1941] FEM INVALID: solver line_search_failed
  [ 1946] FEM INVALID: solver line_search_failed
  [ 1949] FEM INVALID: solver line_search_failed
  [ 1950] FEM INVALID: solver line_search_failed
  [ 1940] FEM INVALID: solver line_search_failed
  [ 1944] FEM INVALID: solver line_search_failed
  [ 1942] FEM INVALID: timeout
  gen 122  calls  1952  best   40.346 mm  gen best   40.356  invalid 12/16  sigma 0.130
  [ 1963] FEM INVALID: solver line_search_failed
  [ 1959] FEM INVALID: solver line_search_failed
  [ 1964] FEM INVALID: solver line_search_failed
  [ 1953] FEM INVALID: solver line_search_failed
  [ 1956] FEM INVALID: solver line_search_failed
  [ 1968] FEM INVALID: solver line_search_failed
  [ 1967] FEM INVALID: solver line_search_failed
  [ 1955] FEM INVALID: solver line_search_failed
  [ 1958] FEM INVALID: solver line_search_failed
  [ 1961] FEM INVALID: solver line_search_failed
  [ 1966] FEM INVALID: solver line_search_failed
  [ 1965] FEM INVALID: solver line_search_failed
  [ 1957] FEM INVALID: solver line_search_failed
  [ 1954] FEM INVALID: solver line_search_failed
  gen 123  calls  1968  best   40.346 mm  gen best   40.355  invalid 14/16  sigma 0.129
  [ 1975] FEM INVALID: solver line_search_failed
  [ 1970] FEM INVALID: solver line_search_failed
  [ 1971] FEM INVALID: solver line_search_failed
  [ 1978] FEM INVALID: solver line_search_failed
  [ 1976] FEM INVALID: solver line_search_failed
  [ 1979] FEM INVALID: solver line_search_failed
  [ 1969] FEM INVALID: solver line_search_failed
  [ 1984] FEM INVALID: solver line_search_failed
  [ 1983] FEM INVALID: solver line_search_failed
  [ 1982] FEM INVALID: solver line_search_failed
  gen 124  calls  1984  best   40.346 mm  gen best   40.352  invalid 10/16  sigma 0.125
  [ 1989] FEM INVALID: solver line_search_failed
  [ 1997] FEM INVALID: solver line_search_failed
  [ 1992] FEM INVALID: solver line_search_failed
  [ 1991] FEM INVALID: solver line_search_failed
  [ 1986] FEM INVALID: solver line_search_failed
  [ 1999] FEM INVALID: solver line_search_failed
  [ 1996] FEM INVALID: solver line_search_failed
  [ 1995] FEM INVALID: solver line_search_failed
  [ 1985] FEM INVALID: solver line_search_failed
  [ 1990] FEM INVALID: solver line_search_failed
  gen 125  calls  2000  best   40.346 mm  gen best   40.351  invalid 10/16  sigma 0.129
  [ 2002] FEM INVALID: solver line_search_failed
  [ 2016] FEM INVALID: solver line_search_failed
  [ 2013] FEM INVALID: solver line_search_failed
  [ 2004] FEM INVALID: solver line_search_failed
  [ 2009] FEM INVALID: solver line_search_failed
  [ 2012] FEM INVALID: solver line_search_failed
  [ 2015] FEM INVALID: solver line_search_failed
  [ 2003] FEM INVALID: solver line_search_failed
  [ 2014] FEM INVALID: solver line_search_failed
  gen 126  calls  2016  best   40.346 mm  gen best   40.353  invalid 9/16  sigma 0.129
  [ 2030] FEM INVALID: solver line_search_failed
  [ 2026] FEM INVALID: solver line_search_failed
  [ 2017] FEM INVALID: solver line_search_failed
  [ 2018] FEM INVALID: solver line_search_failed
  [ 2023] FEM INVALID: solver line_search_failed
  [ 2025] FEM INVALID: solver line_search_failed
  [ 2029] FEM INVALID: solver line_search_failed
  [ 2024] FEM INVALID: solver line_search_failed
  [ 2020] FEM INVALID: timeout
  gen 127  calls  2032  best   40.346 mm  gen best   40.355  invalid 9/16  sigma 0.132
  [ 2042] FEM INVALID: solver line_search_failed
  [ 2037] FEM INVALID: solver line_search_failed
  [ 2039] FEM INVALID: solver line_search_failed
  [ 2044] FEM INVALID: solver line_search_failed
  [ 2035] FEM INVALID: solver line_search_failed
  [ 2036] FEM INVALID: solver line_search_failed
  [ 2048] FEM INVALID: solver line_search_failed
  [ 2047] FEM INVALID: solver line_search_failed
  [ 2033] FEM INVALID: solver line_search_failed
  [ 2045] FEM INVALID: solver line_search_failed
  [ 2034] FEM INVALID: solver line_search_failed
  [ 2046] FEM INVALID: solver line_search_failed
  gen 128  calls  2048  best   40.346 mm  gen best   40.352  invalid 12/16  sigma 0.129
  [ 2058] FEM INVALID: solver line_search_failed
  [ 2057] FEM INVALID: solver line_search_failed
  [ 2055] FEM INVALID: solver line_search_failed
  [ 2059] FEM INVALID: solver line_search_failed
  [ 2052] FEM INVALID: solver line_search_failed
  [ 2061] FEM INVALID: solver line_search_failed
  [ 2063] FEM INVALID: solver line_search_failed
  [ 2064] FEM INVALID: solver line_search_failed
  [ 2053] FEM INVALID: solver line_search_failed
  [ 2050] FEM INVALID: solver line_search_failed
  [ 2056] FEM INVALID: timeout
  gen 129  calls  2064  best   40.346 mm  gen best   40.351  invalid 11/16  sigma 0.129
  [ 2073] FEM INVALID: solver line_search_failed
  [ 2065] FEM INVALID: solver line_search_failed
  [ 2071] FEM INVALID: solver line_search_failed
  [ 2080] FEM INVALID: solver line_search_failed
  [ 2077] FEM INVALID: solver line_search_failed
  [ 2072] FEM INVALID: solver line_search_failed
  [ 2068] FEM INVALID: solver line_search_failed
  [ 2066] FEM INVALID: solver line_search_failed
  [ 2078] FEM INVALID: solver line_search_failed
  [ 2079] FEM INVALID: solver line_search_failed
  gen 130  calls  2080  best   40.346 mm  gen best   40.346  invalid 10/16  sigma 0.118
  [ 2089] FEM INVALID: solver line_search_failed
  [ 2086] FEM INVALID: solver line_search_failed
  [ 2091] FEM INVALID: solver line_search_failed
  [ 2087] FEM INVALID: solver line_search_failed
  [ 2083] FEM INVALID: solver line_search_failed
  [ 2094] FEM INVALID: solver line_search_failed
  [ 2085] FEM INVALID: solver line_search_failed
  [ 2090] FEM INVALID: solver line_search_failed
  [ 2092] FEM INVALID: solver line_search_failed
  [ 2093] FEM INVALID: solver line_search_failed
  gen 131  calls  2096  best   40.346 mm  gen best   40.346  invalid 10/16  sigma 0.115
  [ 2106] FEM INVALID: solver line_search_failed
  [ 2103] FEM INVALID: solver line_search_failed
  [ 2099] FEM INVALID: solver line_search_failed
  [ 2109] FEM INVALID: solver line_search_failed
  [ 2107] FEM INVALID: solver line_search_failed
  [ 2098] FEM INVALID: solver line_search_failed
  [ 2102] FEM INVALID: solver line_search_failed
  [ 2108] FEM INVALID: solver line_search_failed
  [ 2110] FEM INVALID: solver line_search_failed
  [ 2100] FEM INVALID: solver line_search_failed
  gen 132  calls  2112  best   40.346 mm  gen best   40.349  invalid 10/16  sigma 0.109
  [ 2127] FEM INVALID: solver line_search_failed
  [ 2126] FEM INVALID: solver line_search_failed
  [ 2116] FEM INVALID: solver line_search_failed
  [ 2125] FEM INVALID: solver line_search_failed
  [ 2122] FEM INVALID: solver line_search_failed
  [ 2121] FEM INVALID: solver line_search_failed
  [ 2118] FEM INVALID: solver line_search_failed
  [ 2128] FEM INVALID: solver line_search_failed
  [ 2119] FEM INVALID: solver line_search_failed
  gen 133  calls  2128  best   40.344 mm  gen best   40.344  invalid 9/16  sigma 0.104
  [ 2141] FEM INVALID: solver line_search_failed
  [ 2143] FEM INVALID: solver line_search_failed
  [ 2142] FEM INVALID: solver line_search_failed
  [ 2131] FEM INVALID: solver line_search_failed
  [ 2144] FEM INVALID: solver line_search_failed
  [ 2139] FEM INVALID: solver line_search_failed
  [ 2133] FEM INVALID: solver line_search_failed
  [ 2140] FEM INVALID: solver line_search_failed
  [ 2138] FEM INVALID: solver line_search_failed
  gen 134  calls  2144  best   40.340 mm  gen best   40.340  invalid 9/16  sigma 0.099
  [ 2152] FEM INVALID: solver line_search_failed
  [ 2159] FEM INVALID: solver line_search_failed
  [ 2151] FEM INVALID: solver line_search_failed
  [ 2160] FEM INVALID: solver line_search_failed
  [ 2156] FEM INVALID: solver line_search_failed
  [ 2154] FEM INVALID: solver line_search_failed
  [ 2149] FEM INVALID: solver line_search_failed
  [ 2153] FEM INVALID: solver line_search_failed
  [ 2157] FEM INVALID: solver line_search_failed
  [ 2145] FEM INVALID: solver line_search_failed
  gen 135  calls  2160  best   40.340 mm  gen best   40.341  invalid 10/16  sigma 0.098
  [ 2169] FEM INVALID: solver line_search_failed
  [ 2163] FEM INVALID: solver line_search_failed
  [ 2164] FEM INVALID: solver line_search_failed
  [ 2168] FEM INVALID: solver line_search_failed
  [ 2176] FEM INVALID: solver line_search_failed
  [ 2166] FEM INVALID: solver line_search_failed
  [ 2171] FEM INVALID: solver line_search_failed
  [ 2165] FEM INVALID: solver line_search_failed
  [ 2173] FEM INVALID: timeout
  gen 136  calls  2176  best   40.340 mm  gen best   40.341  invalid 9/16  sigma 0.097
  [ 2190] FEM INVALID: solver line_search_failed
  [ 2191] FEM INVALID: solver line_search_failed
  [ 2181] FEM INVALID: solver line_search_failed
  [ 2183] FEM INVALID: solver line_search_failed
  [ 2187] FEM INVALID: solver line_search_failed
  [ 2177] FEM INVALID: solver line_search_failed
  [ 2185] FEM INVALID: solver line_search_failed
  [ 2189] FEM INVALID: solver line_search_failed
  [ 2188] FEM INVALID: solver line_search_failed
  [ 2182] FEM INVALID: solver line_search_failed
  [ 2179] FEM INVALID: solver line_search_failed
  [ 2184] FEM INVALID: solver line_search_failed
  gen 137  calls  2192  best   40.340 mm  gen best   40.346  invalid 12/16  sigma 0.101
  [ 2206] FEM INVALID: solver line_search_failed
  [ 2203] FEM INVALID: solver line_search_failed
  [ 2201] FEM INVALID: solver line_search_failed
  [ 2207] FEM INVALID: solver line_search_failed
  [ 2195] FEM INVALID: solver line_search_failed
  [ 2208] FEM INVALID: solver line_search_failed
  [ 2200] FEM INVALID: solver line_search_failed
  [ 2197] FEM INVALID: solver line_search_failed
  [ 2194] FEM INVALID: solver line_search_failed
  [ 2205] FEM INVALID: solver line_search_failed
  [ 2204] FEM INVALID: solver line_search_failed
  gen 138  calls  2208  best   40.340 mm  gen best   40.344  invalid 11/16  sigma 0.101
  [ 2214] FEM INVALID: solver line_search_failed
  [ 2210] FEM INVALID: solver line_search_failed
  [ 2221] FEM INVALID: solver line_search_failed
  [ 2217] FEM INVALID: solver line_search_failed
  [ 2222] FEM INVALID: solver line_search_failed
  [ 2216] FEM INVALID: solver line_search_failed
  [ 2220] FEM INVALID: solver line_search_failed
  [ 2215] FEM INVALID: solver line_search_failed
  [ 2224] FEM INVALID: solver line_search_failed
  [ 2219] FEM INVALID: solver line_search_failed
  [ 2223] FEM INVALID: solver line_search_failed
  [ 2211] FEM INVALID: solver line_search_failed
  gen 139  calls  2224  best   40.340 mm  gen best   40.346  invalid 12/16  sigma 0.098
  [ 2234] FEM INVALID: solver line_search_failed
  [ 2233] FEM INVALID: solver line_search_failed
  [ 2226] FEM INVALID: solver line_search_failed
  [ 2237] FEM INVALID: solver line_search_failed
  [ 2225] FEM INVALID: solver line_search_failed
  [ 2227] FEM INVALID: solver line_search_failed
  [ 2236] FEM INVALID: solver line_search_failed
  [ 2229] FEM INVALID: solver line_search_failed
  [ 2240] FEM INVALID: solver line_search_failed
  [ 2228] FEM INVALID: solver line_search_failed
  [ 2238] FEM INVALID: solver line_search_failed
  [ 2231] FEM INVALID: timeout
  gen 140  calls  2240  best   40.340 mm  gen best   40.345  invalid 12/16  sigma 0.092
  [ 2243] FEM INVALID: solver line_search_failed
  [ 2255] FEM INVALID: solver line_search_failed
  [ 2253] FEM INVALID: solver line_search_failed
  [ 2248] FEM INVALID: solver line_search_failed
  [ 2251] FEM INVALID: solver line_search_failed
  [ 2250] FEM INVALID: solver line_search_failed
  [ 2247] FEM INVALID: solver line_search_failed
  [ 2256] FEM INVALID: solver line_search_failed
  [ 2244] FEM INVALID: solver line_search_failed
  [ 2252] FEM INVALID: timeout
  gen 141  calls  2256  best   40.340 mm  gen best   40.343  invalid 10/16  sigma 0.094
  [ 2260] FEM INVALID: solver line_search_failed
  [ 2269] FEM INVALID: solver line_search_failed
  [ 2262] FEM INVALID: solver line_search_failed
  [ 2263] FEM INVALID: solver line_search_failed
  [ 2270] FEM INVALID: solver line_search_failed
  [ 2267] FEM INVALID: solver line_search_failed
  [ 2264] FEM INVALID: solver line_search_failed
  [ 2271] FEM INVALID: solver line_search_failed
  [ 2261] FEM INVALID: solver line_search_failed
  [ 2266] FEM INVALID: solver line_search_failed
  [ 2272] FEM INVALID: solver line_search_failed
  [ 2258] FEM INVALID: solver line_search_failed
  [ 2268] FEM INVALID: solver line_search_failed
  gen 142  calls  2272  best   40.340 mm  gen best   40.343  invalid 13/16  sigma 0.091
  [ 2278] FEM INVALID: solver line_search_failed
  [ 2285] FEM INVALID: solver line_search_failed
  [ 2275] FEM INVALID: solver line_search_failed
  [ 2288] FEM INVALID: solver line_search_failed
  [ 2282] FEM INVALID: solver line_search_failed
  [ 2276] FEM INVALID: solver line_search_failed
  [ 2286] FEM INVALID: solver line_search_failed
  [ 2273] FEM INVALID: solver line_search_failed
  gen 143  calls  2288  best   40.339 mm  gen best   40.339  invalid 8/16  sigma 0.090
  [ 2291] FEM INVALID: solver line_search_failed
  [ 2304] FEM INVALID: solver line_search_failed
  [ 2299] FEM INVALID: solver line_search_failed
  [ 2300] FEM INVALID: solver line_search_failed
  [ 2295] FEM INVALID: solver line_search_failed
  [ 2290] FEM INVALID: solver line_search_failed
  [ 2292] FEM INVALID: solver line_search_failed
  [ 2298] FEM INVALID: solver line_search_failed
  [ 2296] FEM INVALID: solver line_search_failed
  [ 2303] FEM INVALID: solver line_search_failed
  [ 2301] FEM INVALID: solver line_search_failed
  gen 144  calls  2304  best   40.339 mm  gen best   40.342  invalid 11/16  sigma 0.095
  [ 2312] FEM INVALID: solver line_search_failed
  [ 2310] FEM INVALID: solver line_search_failed
  [ 2315] FEM INVALID: solver line_search_failed
  [ 2320] FEM INVALID: solver line_search_failed
  [ 2313] FEM INVALID: solver line_search_failed
  [ 2319] FEM INVALID: solver line_search_failed
  [ 2317] FEM INVALID: solver line_search_failed
  [ 2316] FEM INVALID: solver line_search_failed
  [ 2307] FEM INVALID: solver line_search_failed
  [ 2308] FEM INVALID: solver line_search_failed
  gen 145  calls  2320  best   40.339 mm  gen best   40.343  invalid 10/16  sigma 0.104
  [ 2331] FEM INVALID: solver line_search_failed
  [ 2326] FEM INVALID: solver line_search_failed
  [ 2323] FEM INVALID: solver line_search_failed
  [ 2321] FEM INVALID: solver line_search_failed
  [ 2333] FEM INVALID: solver line_search_failed
  [ 2322] FEM INVALID: solver line_search_failed
  [ 2328] FEM INVALID: solver line_search_failed
  [ 2324] FEM INVALID: solver line_search_failed
  [ 2336] FEM INVALID: solver line_search_failed
  [ 2332] FEM INVALID: solver line_search_failed
  [ 2334] FEM INVALID: solver line_search_failed
  gen 146  calls  2336  best   40.339 mm  gen best   40.341  invalid 11/16  sigma 0.114
  [ 2346] FEM INVALID: solver line_search_failed
  [ 2351] FEM INVALID: solver line_search_failed
  [ 2349] FEM INVALID: solver line_search_failed
  [ 2343] FEM INVALID: solver line_search_failed
  [ 2338] FEM INVALID: solver line_search_failed
  [ 2344] FEM INVALID: solver line_search_failed
  [ 2341] FEM INVALID: solver line_search_failed
  [ 2337] FEM INVALID: solver line_search_failed
  [ 2345] FEM INVALID: solver line_search_failed
  [ 2342] FEM INVALID: solver line_search_failed
  [ 2348] FEM INVALID: solver line_search_failed
  [ 2350] FEM INVALID: solver line_search_failed
  [ 2352] FEM INVALID: solver line_search_failed
  [ 2339] FEM INVALID: solver line_search_failed
  gen 147  calls  2352  best   40.339 mm  gen best   40.350  invalid 14/16  sigma 0.115
  [ 2354] FEM INVALID: solver line_search_failed
  [ 2360] FEM INVALID: solver line_search_failed
  [ 2362] FEM INVALID: solver line_search_failed
  [ 2355] FEM INVALID: solver line_search_failed
  [ 2366] FEM INVALID: solver line_search_failed
  [ 2367] FEM INVALID: solver line_search_failed
  [ 2356] FEM INVALID: solver line_search_failed
  [ 2358] FEM INVALID: solver line_search_failed
  [ 2357] FEM INVALID: solver line_search_failed
  [ 2353] FEM INVALID: solver line_search_failed
  [ 2365] FEM INVALID: solver line_search_failed
  gen 148  calls  2368  best   40.339 mm  gen best   40.339  invalid 11/16  sigma 0.105
  [ 2377] FEM INVALID: solver line_search_failed
  [ 2382] FEM INVALID: solver line_search_failed
  [ 2379] FEM INVALID: solver line_search_failed
  [ 2383] FEM INVALID: solver line_search_failed
  [ 2370] FEM INVALID: solver line_search_failed
  [ 2376] FEM INVALID: solver line_search_failed
  [ 2378] FEM INVALID: solver line_search_failed
  [ 2371] FEM INVALID: solver line_search_failed
  [ 2384] FEM INVALID: solver line_search_failed
  [ 2375] FEM INVALID: solver line_search_failed
  [ 2381] FEM INVALID: solver line_search_failed
  gen 149  calls  2384  best   40.336 mm  gen best   40.336  invalid 11/16  sigma 0.099
  [ 2397] FEM INVALID: solver line_search_failed
  [ 2385] FEM INVALID: solver line_search_failed
  [ 2394] FEM INVALID: solver line_search_failed
  [ 2395] FEM INVALID: solver line_search_failed
  [ 2386] FEM INVALID: solver line_search_failed
  [ 2390] FEM INVALID: solver line_search_failed
  [ 2388] FEM INVALID: solver line_search_failed
  [ 2396] FEM INVALID: solver line_search_failed
  [ 2389] FEM INVALID: solver line_search_failed
  [ 2399] FEM INVALID: solver line_search_failed
  [ 2393] FEM INVALID: solver line_search_failed
  [ 2391] FEM INVALID: timeout
  gen 150  calls  2400  best   40.336 mm  gen best   40.337  invalid 12/16  sigma 0.090

CMA-ES stop: {'maxiter': 150}
Best RMSE 40.3365 mm after 2400 FEM calls, 30.5 min
  re-evaluated RMSE 40.3365 mm (3.36 % of span)  max dev 111.02 mm  crown 0.2489 (target 0.2693)  max disp 111.02 mm
Saved optimisation/pattern_smooth_rm_fixSW_p3_result.json
