Splines : ['E00', 'E01', 'E02', 'E03a', 'E03b', 'E03c'] -> 4 rods [30, 26, 34, 37] verts, GFRP d 10 mm, EA 3.14e+06 N, EI 19.6 N m^2
Mesh    : 1232 verts, 2320 faces, 23 supports, 1209 free (fitted)
Target  : crown 0.2697 m, span 1.2000 m  (rest == target)
Regions : 10, faces [232, 232, 232, 232, 232, 232, 232, 232, 232, 232]; knit per face, region means [92.0, 91.6, 91.7, 93.2, 93.4, 81.6, 66.9, 58.0, 52.1, 59.5] deg — FIXED
Adjacent: [(0, 1), (1, 2), (2, 3), (3, 4), (4, 5), (5, 6), (6, 7), (7, 8), (8, 9)]   lambda_smooth 0.01
Cables  : []  EA 157000
Material: E1 12500  E2 5000  nu 0.198   pressure 1000 Pa
Log     : optimisation/pattern_smooth_rm2_10strip_splineonly_e01_sI_fol_calls.jsonl
  [    9] FEM INVALID: solver follower_failed
  gen   1  calls    16  best    4.890 mm  gen best    4.890  invalid 1/16  sigma 0.925
  gen   2  calls    32  best    4.827 mm  gen best    4.827  invalid 0/16  sigma 0.887
  gen   3  calls    48  best    4.782 mm  gen best    4.782  invalid 0/16  sigma 0.853
  gen   4  calls    64  best    4.754 mm  gen best    4.754  invalid 0/16  sigma 0.809
  gen   5  calls    80  best    4.754 mm  gen best    4.776  invalid 0/16  sigma 0.757
  gen   6  calls    96  best    4.754 mm  gen best    4.844  invalid 0/16  sigma 0.740
  [  108] FEM INVALID: solver follower_failed
  gen   7  calls   112  best    4.712 mm  gen best    4.712  invalid 1/16  sigma 0.705
  gen   8  calls   128  best    4.712 mm  gen best    4.722  invalid 0/16  sigma 0.675
  gen   9  calls   144  best    4.712 mm  gen best    4.749  invalid 0/16  sigma 0.656
  gen  10  calls   160  best    4.698 mm  gen best    4.698  invalid 0/16  sigma 0.619
  gen  11  calls   176  best    4.690 mm  gen best    4.690  invalid 0/16  sigma 0.579
  gen  12  calls   192  best    4.682 mm  gen best    4.682  invalid 0/16  sigma 0.555
  gen  13  calls   208  best    4.682 mm  gen best    4.697  invalid 0/16  sigma 0.533
  gen  14  calls   224  best    4.682 mm  gen best    4.682  invalid 0/16  sigma 0.516
  gen  15  calls   240  best    4.654 mm  gen best    4.654  invalid 0/16  sigma 0.468
  gen  16  calls   256  best    4.654 mm  gen best    4.654  invalid 0/16  sigma 0.421
  gen  17  calls   272  best    4.654 mm  gen best    4.656  invalid 0/16  sigma 0.399
  gen  18  calls   288  best    4.653 mm  gen best    4.653  invalid 0/16  sigma 0.384
  gen  19  calls   304  best    4.646 mm  gen best    4.646  invalid 0/16  sigma 0.370
  gen  20  calls   320  best    4.646 mm  gen best    4.656  invalid 0/16  sigma 0.353
  gen  21  calls   336  best    4.646 mm  gen best    4.649  invalid 0/16  sigma 0.343
  gen  22  calls   352  best    4.635 mm  gen best    4.635  invalid 0/16  sigma 0.336
  gen  23  calls   368  best    4.635 mm  gen best    4.637  invalid 0/16  sigma 0.317
  gen  24  calls   384  best    4.625 mm  gen best    4.625  invalid 0/16  sigma 0.298
  gen  25  calls   400  best    4.625 mm  gen best    4.628  invalid 0/16  sigma 0.288
  gen  26  calls   416  best    4.625 mm  gen best    4.628  invalid 0/16  sigma 0.279
  gen  27  calls   432  best    4.625 mm  gen best    4.625  invalid 0/16  sigma 0.266
  gen  28  calls   448  best    4.621 mm  gen best    4.621  invalid 0/16  sigma 0.261
  gen  29  calls   464  best    4.621 mm  gen best    4.621  invalid 0/16  sigma 0.257
  gen  30  calls   480  best    4.616 mm  gen best    4.616  invalid 0/16  sigma 0.254
  gen  31  calls   496  best    4.616 mm  gen best    4.618  invalid 0/16  sigma 0.242
  gen  32  calls   512  best    4.616 mm  gen best    4.618  invalid 0/16  sigma 0.230
  gen  33  calls   528  best    4.616 mm  gen best    4.616  invalid 0/16  sigma 0.219
  gen  34  calls   544  best    4.616 mm  gen best    4.617  invalid 0/16  sigma 0.214
  gen  35  calls   560  best    4.616 mm  gen best    4.616  invalid 0/16  sigma 0.203
  gen  36  calls   576  best    4.616 mm  gen best    4.617  invalid 0/16  sigma 0.198
  gen  37  calls   592  best    4.616 mm  gen best    4.617  invalid 0/16  sigma 0.198
  gen  38  calls   608  best    4.615 mm  gen best    4.615  invalid 0/16  sigma 0.196
  gen  39  calls   624  best    4.614 mm  gen best    4.614  invalid 0/16  sigma 0.194
  gen  40  calls   640  best    4.612 mm  gen best    4.612  invalid 0/16  sigma 0.188
  gen  41  calls   656  best    4.612 mm  gen best    4.612  invalid 0/16  sigma 0.189
  gen  42  calls   672  best    4.611 mm  gen best    4.611  invalid 0/16  sigma 0.175
  gen  43  calls   688  best    4.610 mm  gen best    4.610  invalid 0/16  sigma 0.163
  gen  44  calls   704  best    4.610 mm  gen best    4.610  invalid 0/16  sigma 0.160
  gen  45  calls   720  best    4.610 mm  gen best    4.613  invalid 0/16  sigma 0.152
  gen  46  calls   736  best    4.609 mm  gen best    4.609  invalid 0/16  sigma 0.145
  gen  47  calls   752  best    4.608 mm  gen best    4.608  invalid 0/16  sigma 0.142
  gen  48  calls   768  best    4.607 mm  gen best    4.607  invalid 0/16  sigma 0.137
  gen  49  calls   784  best    4.607 mm  gen best    4.607  invalid 0/16  sigma 0.134
  gen  50  calls   800  best    4.607 mm  gen best    4.607  invalid 0/16  sigma 0.129
  gen  51  calls   816  best    4.607 mm  gen best    4.607  invalid 0/16  sigma 0.124
  gen  52  calls   832  best    4.606 mm  gen best    4.606  invalid 0/16  sigma 0.122
  gen  53  calls   848  best    4.606 mm  gen best    4.606  invalid 0/16  sigma 0.118
  gen  54  calls   864  best    4.606 mm  gen best    4.606  invalid 0/16  sigma 0.117
  gen  55  calls   880  best    4.606 mm  gen best    4.606  invalid 0/16  sigma 0.115
  gen  56  calls   896  best    4.606 mm  gen best    4.606  invalid 0/16  sigma 0.113
  gen  57  calls   912  best    4.606 mm  gen best    4.606  invalid 0/16  sigma 0.110
  gen  58  calls   928  best    4.605 mm  gen best    4.605  invalid 0/16  sigma 0.108
  gen  59  calls   944  best    4.605 mm  gen best    4.605  invalid 0/16  sigma 0.107
  gen  60  calls   960  best    4.604 mm  gen best    4.604  invalid 0/16  sigma 0.104
  gen  61  calls   976  best    4.603 mm  gen best    4.603  invalid 0/16  sigma 0.097
  gen  62  calls   992  best    4.603 mm  gen best    4.603  invalid 0/16  sigma 0.090
  gen  63  calls  1008  best    4.603 mm  gen best    4.603  invalid 0/16  sigma 0.087
  gen  64  calls  1024  best    4.603 mm  gen best    4.603  invalid 0/16  sigma 0.082
  gen  65  calls  1040  best    4.603 mm  gen best    4.603  invalid 0/16  sigma 0.077
  gen  66  calls  1056  best    4.603 mm  gen best    4.603  invalid 0/16  sigma 0.075
  gen  67  calls  1072  best    4.602 mm  gen best    4.602  invalid 0/16  sigma 0.073
  gen  68  calls  1088  best    4.602 mm  gen best    4.602  invalid 0/16  sigma 0.072
  gen  69  calls  1104  best    4.602 mm  gen best    4.602  invalid 0/16  sigma 0.071
  gen  70  calls  1120  best    4.601 mm  gen best    4.601  invalid 0/16  sigma 0.069
  gen  71  calls  1136  best    4.601 mm  gen best    4.601  invalid 0/16  sigma 0.072
  gen  72  calls  1152  best    4.601 mm  gen best    4.601  invalid 0/16  sigma 0.072
  gen  73  calls  1168  best    4.601 mm  gen best    4.601  invalid 0/16  sigma 0.074
  gen  74  calls  1184  best    4.601 mm  gen best    4.601  invalid 0/16  sigma 0.074
  gen  75  calls  1200  best    4.601 mm  gen best    4.601  invalid 0/16  sigma 0.075
  gen  76  calls  1216  best    4.601 mm  gen best    4.601  invalid 0/16  sigma 0.078
  gen  77  calls  1232  best    4.600 mm  gen best    4.600  invalid 0/16  sigma 0.080
  gen  78  calls  1248  best    4.600 mm  gen best    4.601  invalid 0/16  sigma 0.078
  gen  79  calls  1264  best    4.600 mm  gen best    4.600  invalid 0/16  sigma 0.075
  gen  80  calls  1280  best    4.600 mm  gen best    4.600  invalid 0/16  sigma 0.071
  gen  81  calls  1296  best    4.600 mm  gen best    4.600  invalid 0/16  sigma 0.066
  gen  82  calls  1312  best    4.600 mm  gen best    4.600  invalid 0/16  sigma 0.060
  gen  83  calls  1328  best    4.600 mm  gen best    4.600  invalid 0/16  sigma 0.056
  gen  84  calls  1344  best    4.600 mm  gen best    4.600  invalid 0/16  sigma 0.054
  gen  85  calls  1360  best    4.599 mm  gen best    4.599  invalid 0/16  sigma 0.055
  gen  86  calls  1376  best    4.599 mm  gen best    4.600  invalid 0/16  sigma 0.056
  gen  87  calls  1392  best    4.599 mm  gen best    4.599  invalid 0/16  sigma 0.056
  gen  88  calls  1408  best    4.599 mm  gen best    4.600  invalid 0/16  sigma 0.058
  gen  89  calls  1424  best    4.599 mm  gen best    4.600  invalid 0/16  sigma 0.058
  gen  90  calls  1440  best    4.599 mm  gen best    4.600  invalid 0/16  sigma 0.058
  gen  91  calls  1456  best    4.599 mm  gen best    4.600  invalid 0/16  sigma 0.056
  gen  92  calls  1472  best    4.599 mm  gen best    4.600  invalid 0/16  sigma 0.055
  gen  93  calls  1488  best    4.599 mm  gen best    4.599  invalid 0/16  sigma 0.058
  gen  94  calls  1504  best    4.599 mm  gen best    4.599  invalid 0/16  sigma 0.060
  gen  95  calls  1520  best    4.599 mm  gen best    4.599  invalid 0/16  sigma 0.059
  gen  96  calls  1536  best    4.599 mm  gen best    4.599  invalid 0/16  sigma 0.061
  gen  97  calls  1552  best    4.599 mm  gen best    4.599  invalid 0/16  sigma 0.061
  gen  98  calls  1568  best    4.599 mm  gen best    4.599  invalid 0/16  sigma 0.059
  gen  99  calls  1584  best    4.599 mm  gen best    4.599  invalid 0/16  sigma 0.057
  gen 100  calls  1600  best    4.599 mm  gen best    4.599  invalid 0/16  sigma 0.056
  gen 101  calls  1616  best    4.599 mm  gen best    4.599  invalid 0/16  sigma 0.055
  gen 102  calls  1632  best    4.599 mm  gen best    4.599  invalid 0/16  sigma 0.053
  gen 103  calls  1648  best    4.599 mm  gen best    4.599  invalid 0/16  sigma 0.051
  gen 104  calls  1664  best    4.599 mm  gen best    4.599  invalid 0/16  sigma 0.048
  gen 105  calls  1680  best    4.599 mm  gen best    4.599  invalid 0/16  sigma 0.045
  gen 106  calls  1696  best    4.599 mm  gen best    4.599  invalid 0/16  sigma 0.043
  gen 107  calls  1712  best    4.599 mm  gen best    4.599  invalid 0/16  sigma 0.041
  gen 108  calls  1728  best    4.599 mm  gen best    4.599  invalid 0/16  sigma 0.041
  gen 109  calls  1744  best    4.599 mm  gen best    4.599  invalid 0/16  sigma 0.040
  gen 110  calls  1760  best    4.599 mm  gen best    4.599  invalid 0/16  sigma 0.038
  gen 111  calls  1776  best    4.599 mm  gen best    4.599  invalid 0/16  sigma 0.037
  gen 112  calls  1792  best    4.599 mm  gen best    4.599  invalid 0/16  sigma 0.036
  gen 113  calls  1808  best    4.599 mm  gen best    4.599  invalid 0/16  sigma 0.035
  gen 114  calls  1824  best    4.598 mm  gen best    4.598  invalid 0/16  sigma 0.034
  gen 115  calls  1840  best    4.598 mm  gen best    4.599  invalid 0/16  sigma 0.032
  gen 116  calls  1856  best    4.598 mm  gen best    4.599  invalid 0/16  sigma 0.029
  gen 117  calls  1872  best    4.598 mm  gen best    4.598  invalid 0/16  sigma 0.026
  gen 118  calls  1888  best    4.598 mm  gen best    4.598  invalid 0/16  sigma 0.024
  gen 119  calls  1904  best    4.598 mm  gen best    4.598  invalid 0/16  sigma 0.023
  gen 120  calls  1920  best    4.598 mm  gen best    4.598  invalid 0/16  sigma 0.023
  gen 121  calls  1936  best    4.598 mm  gen best    4.598  invalid 0/16  sigma 0.022
  gen 122  calls  1952  best    4.598 mm  gen best    4.598  invalid 0/16  sigma 0.022
  gen 123  calls  1968  best    4.598 mm  gen best    4.598  invalid 0/16  sigma 0.022
  gen 124  calls  1984  best    4.598 mm  gen best    4.598  invalid 0/16  sigma 0.021
  gen 125  calls  2000  best    4.598 mm  gen best    4.598  invalid 0/16  sigma 0.021
  gen 126  calls  2016  best    4.598 mm  gen best    4.598  invalid 0/16  sigma 0.020
  gen 127  calls  2032  best    4.598 mm  gen best    4.598  invalid 0/16  sigma 0.019
  gen 128  calls  2048  best    4.598 mm  gen best    4.598  invalid 0/16  sigma 0.018
  gen 129  calls  2064  best    4.598 mm  gen best    4.598  invalid 0/16  sigma 0.018
  gen 130  calls  2080  best    4.598 mm  gen best    4.598  invalid 0/16  sigma 0.017
  gen 131  calls  2096  best    4.598 mm  gen best    4.598  invalid 0/16  sigma 0.016
  gen 132  calls  2112  best    4.598 mm  gen best    4.598  invalid 0/16  sigma 0.015
  gen 133  calls  2128  best    4.598 mm  gen best    4.598  invalid 0/16  sigma 0.014
  gen 134  calls  2144  best    4.598 mm  gen best    4.598  invalid 0/16  sigma 0.014
  gen 135  calls  2160  best    4.598 mm  gen best    4.598  invalid 0/16  sigma 0.013
  gen 136  calls  2176  best    4.598 mm  gen best    4.598  invalid 0/16  sigma 0.012
  gen 137  calls  2192  best    4.598 mm  gen best    4.598  invalid 0/16  sigma 0.011
  gen 138  calls  2208  best    4.598 mm  gen best    4.598  invalid 0/16  sigma 0.011
  gen 139  calls  2224  best    4.598 mm  gen best    4.598  invalid 0/16  sigma 0.011
  gen 140  calls  2240  best    4.598 mm  gen best    4.598  invalid 0/16  sigma 0.011
  gen 141  calls  2256  best    4.598 mm  gen best    4.598  invalid 0/16  sigma 0.011
  gen 142  calls  2272  best    4.598 mm  gen best    4.598  invalid 0/16  sigma 0.011
  gen 143  calls  2288  best    4.598 mm  gen best    4.598  invalid 0/16  sigma 0.010
  gen 144  calls  2304  best    4.598 mm  gen best    4.598  invalid 0/16  sigma 0.010
  gen 145  calls  2320  best    4.598 mm  gen best    4.598  invalid 0/16  sigma 0.010
  gen 146  calls  2336  best    4.598 mm  gen best    4.598  invalid 0/16  sigma 0.010
  gen 147  calls  2352  best    4.598 mm  gen best    4.598  invalid 0/16  sigma 0.009
  gen 148  calls  2368  best    4.598 mm  gen best    4.598  invalid 0/16  sigma 0.009
  gen 149  calls  2384  best    4.598 mm  gen best    4.598  invalid 0/16  sigma 0.009
  gen 150  calls  2400  best    4.598 mm  gen best    4.598  invalid 0/16  sigma 0.008
  gen 151  calls  2416  best    4.598 mm  gen best    4.598  invalid 0/16  sigma 0.008
  gen 152  calls  2432  best    4.598 mm  gen best    4.598  invalid 0/16  sigma 0.007
  gen 153  calls  2448  best    4.598 mm  gen best    4.598  invalid 0/16  sigma 0.007
  gen 154  calls  2464  best    4.598 mm  gen best    4.598  invalid 0/16  sigma 0.006
  gen 155  calls  2480  best    4.598 mm  gen best    4.598  invalid 0/16  sigma 0.006
  gen 156  calls  2496  best    4.598 mm  gen best    4.598  invalid 0/16  sigma 0.005
  gen 157  calls  2512  best    4.598 mm  gen best    4.598  invalid 0/16  sigma 0.005
  gen 158  calls  2528  best    4.598 mm  gen best    4.598  invalid 0/16  sigma 0.005
  gen 159  calls  2544  best    4.598 mm  gen best    4.598  invalid 0/16  sigma 0.004
  gen 160  calls  2560  best    4.598 mm  gen best    4.598  invalid 0/16  sigma 0.004
  gen 161  calls  2576  best    4.598 mm  gen best    4.598  invalid 0/16  sigma 0.004
  gen 162  calls  2592  best    4.598 mm  gen best    4.598  invalid 0/16  sigma 0.003
  gen 163  calls  2608  best    4.598 mm  gen best    4.598  invalid 0/16  sigma 0.003
  gen 164  calls  2624  best    4.598 mm  gen best    4.598  invalid 0/16  sigma 0.003
  gen 165  calls  2640  best    4.598 mm  gen best    4.598  invalid 0/16  sigma 0.003
  gen 166  calls  2656  best    4.598 mm  gen best    4.598  invalid 0/16  sigma 0.003
  gen 167  calls  2672  best    4.598 mm  gen best    4.598  invalid 0/16  sigma 0.003
  gen 168  calls  2688  best    4.598 mm  gen best    4.598  invalid 0/16  sigma 0.002
  gen 169  calls  2704  best    4.598 mm  gen best    4.598  invalid 0/16  sigma 0.002
  gen 170  calls  2720  best    4.598 mm  gen best    4.598  invalid 0/16  sigma 0.002

CMA-ES stop: {'tolfun': 1e-07}
Best score 4.5983 mm-equivalent (RMSE + penalty) after 2720 FEM calls, 138.8 min
  re-evaluated RMSE 4.5542 mm (0.38 % of span)  max dev 19.66 mm  crown 0.2629 (target 0.2697)  max disp 19.66 mm
Saved optimisation/pattern_smooth_rm2_10strip_splineonly_e01_sI_fol_result.json
