Splines : ['E00', 'E02', 'E03a', 'E03b', 'E03c'] -> 3 rods [30, 34, 37] verts, GFRP d 10 mm, EA 3.14e+06 N, EI 19.6 N m^2
Fixed edges: ['E01'] -> 47 fixed vertices
Mesh    : 1232 verts, 2320 faces, 47 supports, 1185 free (fitted)
Target  : crown 0.2697 m, span 1.2000 m  (rest == target)
Regions : 1, faces [2320]; knit per face, region means [78.6] deg — FIXED
Adjacent: []   lambda_smooth 0
Cables  : []  EA 157000
Material: E1 12500  E2 5000  nu 0.198   pressure 1000 Pa
Log     : optimisation/pattern_smooth_rm2_uniform_splineonly_sI_fol_calls.jsonl
  gen   1  calls     8  best    9.049 mm  gen best    9.049  invalid 0/8  sigma 0.860
  gen   2  calls    16  best    7.458 mm  gen best    7.458  invalid 0/8  sigma 0.883
  gen   3  calls    24  best    6.851 mm  gen best    6.851  invalid 0/8  sigma 1.044
  gen   4  calls    32  best    6.851 mm  gen best    7.210  invalid 0/8  sigma 0.830
  gen   5  calls    40  best    6.851 mm  gen best    7.169  invalid 0/8  sigma 0.893
  gen   6  calls    48  best    6.763 mm  gen best    6.763  invalid 0/8  sigma 0.712
  gen   7  calls    56  best    6.716 mm  gen best    6.716  invalid 0/8  sigma 0.614
  [   57] FEM INVALID: solver follower_failed
  gen   8  calls    64  best    6.716 mm  gen best    6.965  invalid 1/8  sigma 0.539
  gen   9  calls    72  best    6.716 mm  gen best    6.763  invalid 0/8  sigma 0.446
  [   74] FEM INVALID: solver follower_failed
  [   76] FEM INVALID: solver follower_failed
  gen  10  calls    80  best    6.716 mm  gen best    6.718  invalid 2/8  sigma 0.328
  gen  11  calls    88  best    6.716 mm  gen best    6.729  invalid 0/8  sigma 0.244
  gen  12  calls    96  best    6.716 mm  gen best    6.723  invalid 0/8  sigma 0.222
  gen  13  calls   104  best    6.716 mm  gen best    6.728  invalid 0/8  sigma 0.204
  gen  14  calls   112  best    6.716 mm  gen best    6.717  invalid 0/8  sigma 0.180
  gen  15  calls   120  best    6.716 mm  gen best    6.716  invalid 0/8  sigma 0.171
  gen  16  calls   128  best    6.714 mm  gen best    6.714  invalid 0/8  sigma 0.170
  gen  17  calls   136  best    6.714 mm  gen best    6.714  invalid 0/8  sigma 0.148
  gen  18  calls   144  best    6.714 mm  gen best    6.715  invalid 0/8  sigma 0.109
  gen  19  calls   152  best    6.714 mm  gen best    6.714  invalid 0/8  sigma 0.111
  gen  20  calls   160  best    6.713 mm  gen best    6.713  invalid 0/8  sigma 0.107
  gen  21  calls   168  best    6.713 mm  gen best    6.714  invalid 0/8  sigma 0.106
  gen  22  calls   176  best    6.713 mm  gen best    6.714  invalid 0/8  sigma 0.085
  gen  23  calls   184  best    6.713 mm  gen best    6.713  invalid 0/8  sigma 0.081
  gen  24  calls   192  best    6.713 mm  gen best    6.713  invalid 0/8  sigma 0.072
  gen  25  calls   200  best    6.713 mm  gen best    6.713  invalid 0/8  sigma 0.073
  gen  26  calls   208  best    6.713 mm  gen best    6.713  invalid 0/8  sigma 0.076
  gen  27  calls   216  best    6.713 mm  gen best    6.713  invalid 0/8  sigma 0.070
  gen  28  calls   224  best    6.713 mm  gen best    6.713  invalid 0/8  sigma 0.055
  gen  29  calls   232  best    6.713 mm  gen best    6.713  invalid 0/8  sigma 0.052
  gen  30  calls   240  best    6.713 mm  gen best    6.713  invalid 0/8  sigma 0.054
  gen  31  calls   248  best    6.713 mm  gen best    6.713  invalid 0/8  sigma 0.058
  gen  32  calls   256  best    6.713 mm  gen best    6.713  invalid 0/8  sigma 0.050
  gen  33  calls   264  best    6.713 mm  gen best    6.713  invalid 0/8  sigma 0.044
  gen  34  calls   272  best    6.713 mm  gen best    6.713  invalid 0/8  sigma 0.037
  gen  35  calls   280  best    6.713 mm  gen best    6.713  invalid 0/8  sigma 0.035
  gen  36  calls   288  best    6.713 mm  gen best    6.713  invalid 0/8  sigma 0.034
  gen  37  calls   296  best    6.713 mm  gen best    6.713  invalid 0/8  sigma 0.032
  gen  38  calls   304  best    6.713 mm  gen best    6.713  invalid 0/8  sigma 0.028
  gen  39  calls   312  best    6.713 mm  gen best    6.713  invalid 0/8  sigma 0.031
  gen  40  calls   320  best    6.713 mm  gen best    6.713  invalid 0/8  sigma 0.031
  gen  41  calls   328  best    6.713 mm  gen best    6.713  invalid 0/8  sigma 0.030
  gen  42  calls   336  best    6.713 mm  gen best    6.713  invalid 0/8  sigma 0.024
  gen  43  calls   344  best    6.713 mm  gen best    6.713  invalid 0/8  sigma 0.019
  gen  44  calls   352  best    6.713 mm  gen best    6.713  invalid 0/8  sigma 0.019
  gen  45  calls   360  best    6.713 mm  gen best    6.713  invalid 0/8  sigma 0.015
  gen  46  calls   368  best    6.713 mm  gen best    6.713  invalid 0/8  sigma 0.013
  gen  47  calls   376  best    6.713 mm  gen best    6.713  invalid 0/8  sigma 0.012
  gen  48  calls   384  best    6.713 mm  gen best    6.713  invalid 0/8  sigma 0.013
  gen  49  calls   392  best    6.713 mm  gen best    6.713  invalid 0/8  sigma 0.010
  gen  50  calls   400  best    6.713 mm  gen best    6.713  invalid 0/8  sigma 0.009
  gen  51  calls   408  best    6.713 mm  gen best    6.713  invalid 0/8  sigma 0.007

CMA-ES stop: {'tolx': 0.0001}
Best score 6.7132 mm-equivalent (RMSE + penalty) after 408 FEM calls, 43.2 min
  re-evaluated RMSE 6.7132 mm (0.56 % of span)  max dev 26.12 mm  crown 0.2566 (target 0.2697)  max disp 26.12 mm
Saved optimisation/pattern_smooth_rm2_uniform_splineonly_sI_fol_result.json
