Mesh: 341 vertices, 634 faces
Cable: 19 vertices, 18 segments, EA=117750 N
Boundary vertices: 46

--- Initial simulation (sf1=1.043, sf2=1.043) ---
  [cold start] ramping pressure to 1000 Pa...
  [cold start] done.
Initial mean vertex distance: 0.00778795 m
Initial max  vertex distance: 0.0161885 m

  wrote FDM/optimisation/2part_span/D_0p9_initial.off
--- L-BFGS optimisation ---
[iter 0]  sf1=1.04300  sf2=1.04300  loss=0.007788  |grad|=0.232590  (total Newton solves: 4)
LIMITED-MEMORY BFGS (LBFGS)
Iter         Fval    Step size   Optimality
Regularization failed
Line search failed
Line search failed
[iter 1]  sf1=1.00058  sf2=1.00140  loss=0.005701  |grad|=0.192838  (total Newton solves: 11)
   1    5.701e-03    2.500e-01    1.928e-01
[iter 2]  sf1=1.01931  sf2=1.02031  loss=0.002512  |grad|=0.015016  (total Newton solves: 15)
   2    2.512e-03    1.000e+00    1.502e-02
[iter 3]  sf1=1.02154  sf2=1.01970  loss=0.002486  |grad|=0.014102  (total Newton solves: 19)
   3    2.486e-03    1.000e+00    1.410e-02
[iter 4]  sf1=1.02659  sf2=1.01541  loss=0.002432  |grad|=0.014877  (total Newton solves: 23)
   4    2.432e-03    1.000e+00    1.488e-02
[iter 5]  sf1=1.03068  sf2=1.01026  loss=0.002407  |grad|=0.002763  (total Newton solves: 27)
   5    2.407e-03    1.000e+00    2.763e-03
[iter 6]  sf1=1.03039  sf2=1.01027  loss=0.002407  |grad|=0.000059  (total Newton solves: 31)
   6    2.407e-03    1.000e+00    5.949e-05

--- Optimal parameters ---
  sf1 (wale)   = 1.030390
  sf2 (course) = 1.010271
  mean vertex distance: 0.002407 m  (was 0.007788 m, 69.10% improvement)
  max  vertex distance: 0.009 m  (was 0.016 m)
  wrote FDM/optimisation/2part_span/D_0p9_result.off

Total Newton solves: 32
