Mesh: 341 vertices, 634 faces
Cable: 19 vertices, 18 segments, EA=235500 N
Boundary vertices: 46

--- Initial simulation (sf1=1.043, sf2=1.043) ---
  [cold start] ramping pressure to 1000 Pa...
  [cold start] done.
Initial mean vertex distance: 0.00754486 m
Initial max  vertex distance: 0.0220939 m

  wrote FDM/optimisation/2part_span/D_1p8_initial.off
--- L-BFGS optimisation ---
[iter 0]  sf1=1.04300  sf2=1.04300  loss=0.007545  |grad|=0.103013  (total Newton solves: 4)
LIMITED-MEMORY BFGS (LBFGS)
Iter         Fval    Step size   Optimality
[iter 1]  sf1=1.03989  sf2=1.03707  loss=0.007242  |grad|=0.027673  (total Newton solves: 13)
   1    7.242e-03    6.250e-02    2.767e-02
[iter 2]  sf1=1.04120  sf2=1.03622  loss=0.007202  |grad|=0.025441  (total Newton solves: 17)
   2    7.202e-03    1.000e+00    2.544e-02
[iter 3]  sf1=1.06568  sf2=1.01665  loss=0.006846  |grad|=0.027818  (total Newton solves: 21)
   3    6.846e-03    1.000e+00    2.782e-02
Line search failed
Line search failed
[iter 4]  sf1=1.06374  sf2=1.01649  loss=0.006827  |grad|=0.002756  (total Newton solves: 25)
   4    6.827e-03    1.000e+00    2.756e-03
[iter 5]  sf1=1.06429  sf2=1.01577  loss=0.006826  |grad|=0.000024  (total Newton solves: 29)
   5    6.826e-03    1.000e+00    2.360e-05

--- Optimal parameters ---
  sf1 (wale)   = 1.064293
  sf2 (course) = 1.015771
  mean vertex distance: 0.006826 m  (was 0.007545 m, 9.52% improvement)
  max  vertex distance: 0.02 m  (was 0.022 m)
  wrote FDM/optimisation/2part_span/D_1p8_result.off

Total Newton solves: 30
